Archive member included to satisfy reference by file (symbol)

/usr/lib/gcc/arm-none-eabi/6.3.1/thumb/v6-m/libgcc.a(_dvmd_tls.o)
                              CMakeFiles/ssd1306_i2c.dir/home/pc/pico/pico-sdk/src/rp2_common/pico_divider/divider.S.obj (__aeabi_idiv0)
/usr/lib/gcc/arm-none-eabi/6.3.1/../../../arm-none-eabi/lib/thumb/v6-m/libc.a(lib_a-atexit.o)
                              /usr/lib/gcc/arm-none-eabi/6.3.1/../../../arm-none-eabi/lib/thumb/v6-m/crt0.o (atexit)
/usr/lib/gcc/arm-none-eabi/6.3.1/../../../arm-none-eabi/lib/thumb/v6-m/libc.a(lib_a-calloc.o)
                              CMakeFiles/ssd1306_i2c.dir/home/pc/pico/pico-sdk/src/rp2_common/pico_malloc/pico_malloc.c.obj (calloc)
/usr/lib/gcc/arm-none-eabi/6.3.1/../../../arm-none-eabi/lib/thumb/v6-m/libc.a(lib_a-callocr.o)
                              /usr/lib/gcc/arm-none-eabi/6.3.1/../../../arm-none-eabi/lib/thumb/v6-m/libc.a(lib_a-calloc.o) (_calloc_r)
/usr/lib/gcc/arm-none-eabi/6.3.1/../../../arm-none-eabi/lib/thumb/v6-m/libc.a(lib_a-ctype_.o)
                              CMakeFiles/ssd1306_i2c.dir/ssd1306_i2c.c.obj (__ctype_ptr__)
/usr/lib/gcc/arm-none-eabi/6.3.1/../../../arm-none-eabi/lib/thumb/v6-m/libc.a(lib_a-fini.o)
                              /usr/lib/gcc/arm-none-eabi/6.3.1/../../../arm-none-eabi/lib/thumb/v6-m/crt0.o (__libc_fini_array)
/usr/lib/gcc/arm-none-eabi/6.3.1/../../../arm-none-eabi/lib/thumb/v6-m/libc.a(lib_a-impure.o)
                              CMakeFiles/ssd1306_i2c.dir/home/pc/pico/pico-sdk/src/common/pico_util/pheap.c.obj (_impure_ptr)
/usr/lib/gcc/arm-none-eabi/6.3.1/../../../arm-none-eabi/lib/thumb/v6-m/libc.a(lib_a-init.o)
                              /usr/lib/gcc/arm-none-eabi/6.3.1/../../../arm-none-eabi/lib/thumb/v6-m/crt0.o (__libc_init_array)
/usr/lib/gcc/arm-none-eabi/6.3.1/../../../arm-none-eabi/lib/thumb/v6-m/libc.a(lib_a-malloc.o)
                              CMakeFiles/ssd1306_i2c.dir/home/pc/pico/pico-sdk/src/rp2_common/pico_malloc/pico_malloc.c.obj (malloc)
/usr/lib/gcc/arm-none-eabi/6.3.1/../../../arm-none-eabi/lib/thumb/v6-m/libc.a(lib_a-mallocr.o)
                              /usr/lib/gcc/arm-none-eabi/6.3.1/../../../arm-none-eabi/lib/thumb/v6-m/libc.a(lib_a-callocr.o) (_malloc_r)
/usr/lib/gcc/arm-none-eabi/6.3.1/../../../arm-none-eabi/lib/thumb/v6-m/libc.a(lib_a-mlock.o)
                              /usr/lib/gcc/arm-none-eabi/6.3.1/../../../arm-none-eabi/lib/thumb/v6-m/libc.a(lib_a-mallocr.o) (__malloc_lock)
/usr/lib/gcc/arm-none-eabi/6.3.1/../../../arm-none-eabi/lib/thumb/v6-m/libc.a(lib_a-realloc.o)
                              CMakeFiles/ssd1306_i2c.dir/home/pc/pico/pico-sdk/src/rp2_common/pico_malloc/pico_malloc.c.obj (realloc)
/usr/lib/gcc/arm-none-eabi/6.3.1/../../../arm-none-eabi/lib/thumb/v6-m/libc.a(lib_a-reallocr.o)
                              /usr/lib/gcc/arm-none-eabi/6.3.1/../../../arm-none-eabi/lib/thumb/v6-m/libc.a(lib_a-realloc.o) (_realloc_r)
/usr/lib/gcc/arm-none-eabi/6.3.1/../../../arm-none-eabi/lib/thumb/v6-m/libc.a(lib_a-sbrkr.o)
                              /usr/lib/gcc/arm-none-eabi/6.3.1/../../../arm-none-eabi/lib/thumb/v6-m/libc.a(lib_a-mallocr.o) (_sbrk_r)
/usr/lib/gcc/arm-none-eabi/6.3.1/../../../arm-none-eabi/lib/thumb/v6-m/libc.a(lib_a-strlen-stub.o)
                              CMakeFiles/ssd1306_i2c.dir/home/pc/pico/pico-sdk/src/rp2_common/pico_stdio/stdio.c.obj (strlen)
/usr/lib/gcc/arm-none-eabi/6.3.1/../../../arm-none-eabi/lib/thumb/v6-m/libc.a(lib_a-wbuf.o)
                              CMakeFiles/ssd1306_i2c.dir/home/pc/pico/pico-sdk/src/common/pico_util/pheap.c.obj (__swbuf_r)
/usr/lib/gcc/arm-none-eabi/6.3.1/../../../arm-none-eabi/lib/thumb/v6-m/libc.a(lib_a-wsetup.o)
                              /usr/lib/gcc/arm-none-eabi/6.3.1/../../../arm-none-eabi/lib/thumb/v6-m/libc.a(lib_a-wbuf.o) (__swsetup_r)
/usr/lib/gcc/arm-none-eabi/6.3.1/../../../arm-none-eabi/lib/thumb/v6-m/libc.a(lib_a-__atexit.o)
                              /usr/lib/gcc/arm-none-eabi/6.3.1/../../../arm-none-eabi/lib/thumb/v6-m/libc.a(lib_a-atexit.o) (__register_exitproc)
/usr/lib/gcc/arm-none-eabi/6.3.1/../../../arm-none-eabi/lib/thumb/v6-m/libc.a(lib_a-fflush.o)
                              /usr/lib/gcc/arm-none-eabi/6.3.1/../../../arm-none-eabi/lib/thumb/v6-m/libc.a(lib_a-wbuf.o) (_fflush_r)
/usr/lib/gcc/arm-none-eabi/6.3.1/../../../arm-none-eabi/lib/thumb/v6-m/libc.a(lib_a-findfp.o)
                              /usr/lib/gcc/arm-none-eabi/6.3.1/../../../arm-none-eabi/lib/thumb/v6-m/libc.a(lib_a-wbuf.o) (__sinit)
/usr/lib/gcc/arm-none-eabi/6.3.1/../../../arm-none-eabi/lib/thumb/v6-m/libc.a(lib_a-freer.o)
                              /usr/lib/gcc/arm-none-eabi/6.3.1/../../../arm-none-eabi/lib/thumb/v6-m/libc.a(lib_a-malloc.o) (_free_r)
/usr/lib/gcc/arm-none-eabi/6.3.1/../../../arm-none-eabi/lib/thumb/v6-m/libc.a(lib_a-fwalk.o)
                              /usr/lib/gcc/arm-none-eabi/6.3.1/../../../arm-none-eabi/lib/thumb/v6-m/libc.a(lib_a-findfp.o) (_fwalk)
[...]
Memory Configuration

Name             Origin             Length             Attributes
FLASH            0x0000000010000000 0x0000000000200000 xr
RAM              0x0000000020000000 0x0000000000040000 xrw
SCRATCH_X        0x0000000020040000 0x0000000000001000 xrw
SCRATCH_Y        0x0000000020041000 0x0000000000001000 xrw
*default*        0x0000000000000000 0xffffffffffffffff

Linker script and memory map

LOAD /usr/lib/gcc/arm-none-eabi/6.3.1/thumb/v6-m/crti.o
LOAD /usr/lib/gcc/arm-none-eabi/6.3.1/thumb/v6-m/crtbegin.o
LOAD /usr/lib/gcc/arm-none-eabi/6.3.1/../../../arm-none-eabi/lib/thumb/v6-m/crt0.o

.flash_begin    0x0000000010000000        0x0
                0x0000000010000000                __flash_binary_start = .

.boot2          0x0000000010000000      0x100
                0x0000000010000000                __boot2_start__ = .
 *(.boot2)
 .boot2         0x0000000010000000      0x100 /tmp/ccMalfnC.o
                0x0000000010000100                __boot2_end__ = .
                0x0000000000000001                ASSERT (((__boot2_end__ - __boot2_start__) == 0x100), ERROR: Pico second stage bootloader must be 256 bytes in size)

.text           0x0000000010000100     0x4240
                0x0000000010000100                __logical_binary_start = .
 *(.vectors)
 .vectors       0x0000000010000100       0xd4 CMakeFiles/ssd1306_i2c.dir/home/pc/pico/pico-sdk/src/rp2_common/pico_standard_link/crt0.S.obj
                0x0000000010000100                __vectors
                0x0000000010000100                __VECTOR_TABLE
                0x00000000100001c0                isr_invalid
                0x00000000100001c0                __default_isrs_start
                0x00000000100001c2                isr_nmi
                0x00000000100001c4                isr_hardfault
                0x00000000100001c6                isr_svcall
                0x00000000100001c8                isr_pendsv
                0x00000000100001ca                isr_systick
                0x00000000100001cc                isr_irq30
                0x00000000100001cc                __unhandled_user_irq
                0x00000000100001cc                isr_irq13
                0x00000000100001cc                isr_irq27
                0x00000000100001cc                isr_irq31
                0x00000000100001cc                isr_irq5
                0x00000000100001cc                isr_irq11
                0x00000000100001cc                isr_irq23
                0x00000000100001cc                isr_irq18
                0x00000000100001cc                isr_irq28
                0x00000000100001cc                isr_irq19
                0x00000000100001cc                isr_irq0
                0x00000000100001cc                isr_irq6
                0x00000000100001cc                isr_irq22
                0x00000000100001cc                isr_irq17
                0x00000000100001cc                isr_irq14
                0x00000000100001cc                isr_irq2
                0x00000000100001cc                isr_irq10
                0x00000000100001cc                isr_irq8
                0x00000000100001cc                isr_irq24
                0x00000000100001cc                isr_irq1
                0x00000000100001cc                isr_irq7
                0x00000000100001cc                isr_irq21
                0x00000000100001cc                isr_irq20
                0x00000000100001cc                isr_irq15
                0x00000000100001cc                isr_irq25
                0x00000000100001cc                isr_irq4
                0x00000000100001cc                isr_irq16
                0x00000000100001cc                isr_irq29
                0x00000000100001cc                isr_irq26
                0x00000000100001cc                __default_isrs_end
                0x00000000100001cc                isr_irq3
                0x00000000100001cc                isr_irq12
                0x00000000100001cc                isr_irq9
                0x00000000100001d2                unhandled_user_irq_num_in_r0
 *(.binary_info_header)
 .binary_info_header
                0x00000000100001d4       0x14 CMakeFiles/ssd1306_i2c.dir/home/pc/pico/pico-sdk/src/rp2_common/pico_standard_link/crt0.S.obj
                0x00000000100001e8                __binary_info_header_end = .
 *(.reset)
 .reset         0x00000000100001e8       0xa0 CMakeFiles/ssd1306_i2c.dir/home/pc/pico/pico-sdk/src/rp2_common/pico_standard_link/crt0.S.obj
                0x00000000100001e8                _entry_point
 .reset         0x0000000010000288       0x30 CMakeFiles/ssd1306_i2c.dir/home/pc/pico/pico-sdk/src/rp2_common/pico_standard_link/binary_info.c.obj
 *(.init)
 .init          0x00000000100002b8        0x4 /usr/lib/gcc/arm-none-eabi/6.3.1/thumb/v6-m/crti.o
                0x00000000100002b8                _init
 *(EXCLUDE_FILE(*libm.a: *libc.a:*lib_a-mem*.o *libgcc.a:) .text*)
 .text          0x00000000100002bc       0xb4 /usr/lib/gcc/arm-none-eabi/6.3.1/thumb/v6-m/crtbegin.o
 .text.SSD1306_init
                0x0000000010000370       0x58 CMakeFiles/ssd1306_i2c.dir/ssd1306_i2c.c.obj
                0x0000000010000370                SSD1306_init
 .text.render   0x00000000100003c8       0x9c CMakeFiles/ssd1306_i2c.dir/ssd1306_i2c.c.obj
                0x00000000100003c8                render
 .text.startup.main
                0x0000000010000464      0x724 CMakeFiles/ssd1306_i2c.dir/ssd1306_i2c.c.obj
                0x0000000010000464                main
 .text.gpio_set_function
                0x0000000010000b88       0x30 CMakeFiles/ssd1306_i2c.dir/home/pc/pico/pico-sdk/src/rp2_common/hardware_gpio/gpio.c.obj
                0x0000000010000b88                gpio_set_function
 .text.gpio_set_pulls
                0x0000000010000bb8       0x34 CMakeFiles/ssd1306_i2c.dir/home/pc/pico/pico-sdk/src/rp2_common/hardware_gpio/gpio.c.obj
                0x0000000010000bb8                gpio_set_pulls
 .text.running_on_fpga
                0x0000000010000bec       0x10 CMakeFiles/ssd1306_i2c.dir/home/pc/pico/pico-sdk/src/rp2_common/pico_platform/platform.c.obj
                0x0000000010000bec                running_on_fpga
 .text.hw_claim_or_assert
                0x0000000010000bfc       0x44 CMakeFiles/ssd1306_i2c.dir/home/pc/pico/pico-sdk/src/rp2_common/hardware_claim/claim.c.obj
                0x0000000010000bfc                hw_claim_or_assert
 .text.spin_locks_reset
                0x0000000010000c40       0x1c CMakeFiles/ssd1306_i2c.dir/home/pc/pico/pico-sdk/src/rp2_common/hardware_sync/sync.c.obj
                0x0000000010000c40                spin_locks_reset
 .text.next_striped_spin_lock_num
                0x0000000010000c5c       0x18 CMakeFiles/ssd1306_i2c.dir/home/pc/pico/pico-sdk/src/rp2_common/hardware_sync/sync.c.obj
                0x0000000010000c5c                next_striped_spin_lock_num
 .text.irq_set_enabled
                0x0000000010000c74       0x24 CMakeFiles/ssd1306_i2c.dir/home/pc/pico/pico-sdk/src/rp2_common/hardware_irq/irq.c.obj
                0x0000000010000c74                irq_set_enabled
 .text.irq_get_vtable_handler
                0x0000000010000c98       0x10 CMakeFiles/ssd1306_i2c.dir/home/pc/pico/pico-sdk/src/rp2_common/hardware_irq/irq.c.obj
                0x0000000010000c98                irq_get_vtable_handler
 .text.irq_set_exclusive_handler
                0x0000000010000ca8       0x54 CMakeFiles/ssd1306_i2c.dir/home/pc/pico/pico-sdk/src/rp2_common/hardware_irq/irq.c.obj
                0x0000000010000ca8                irq_set_exclusive_handler
 .text.irq_remove_handler
                0x0000000010000cfc      0x1b0 CMakeFiles/ssd1306_i2c.dir/home/pc/pico/pico-sdk/src/rp2_common/hardware_irq/irq.c.obj
                0x0000000010000cfc                irq_remove_handler
 .text.irq_add_tail_to_free_list
                0x0000000010000eac       0xb4 CMakeFiles/ssd1306_i2c.dir/home/pc/pico/pico-sdk/src/rp2_common/hardware_irq/irq.c.obj
                0x0000000010000eac                irq_add_tail_to_free_list
 .text.irq_init_priorities
                0x0000000010000f60       0x48 CMakeFiles/ssd1306_i2c.dir/home/pc/pico/pico-sdk/src/rp2_common/hardware_irq/irq.c.obj
                0x0000000010000f60                irq_init_priorities
 .text.lock_init
                0x0000000010000fa8       0x10 CMakeFiles/ssd1306_i2c.dir/home/pc/pico/pico-sdk/src/common/pico_sync/lock_core.c.obj
                0x0000000010000fa8                lock_init
 .text.mutex_init
                0x0000000010000fb8       0x1c CMakeFiles/ssd1306_i2c.dir/home/pc/pico/pico-sdk/src/common/pico_sync/mutex.c.obj
                0x0000000010000fb8                mutex_init
 .text.recursive_mutex_init
                0x0000000010000fd4       0x20 CMakeFiles/ssd1306_i2c.dir/home/pc/pico/pico-sdk/src/common/pico_sync/mutex.c.obj
                0x0000000010000fd4                recursive_mutex_init
 .text.timer_pool_entry_comparator
                0x0000000010000ff4       0x34 CMakeFiles/ssd1306_i2c.dir/home/pc/pico/pico-sdk/src/common/pico_time/time.c.obj
                0x0000000010000ff4                timer_pool_entry_comparator
 .text.sleep_until_callback
                0x0000000010001028       0x30 CMakeFiles/ssd1306_i2c.dir/home/pc/pico/pico-sdk/src/common/pico_time/time.c.obj
 .text.add_alarm_under_lock
                0x0000000010001058      0x124 CMakeFiles/ssd1306_i2c.dir/home/pc/pico/pico-sdk/src/common/pico_time/time.c.obj
 .text.alarm_pool_alarm_callback
                0x000000001000117c      0x1c0 CMakeFiles/ssd1306_i2c.dir/home/pc/pico/pico-sdk/src/common/pico_time/time.c.obj
 .text.alarm_pool_init_default
                0x000000001000133c       0x6c CMakeFiles/ssd1306_i2c.dir/home/pc/pico/pico-sdk/src/common/pico_time/time.c.obj
                0x000000001000133c                alarm_pool_init_default
 .text.sleep_until
                0x00000000100013a8      0x1e8 CMakeFiles/ssd1306_i2c.dir/home/pc/pico/pico-sdk/src/common/pico_time/time.c.obj
                0x00000000100013a8                sleep_until
 .text.sleep_ms
                0x0000000010001590       0x34 CMakeFiles/ssd1306_i2c.dir/home/pc/pico/pico-sdk/src/common/pico_time/time.c.obj
                0x0000000010001590                sleep_ms
 .text.best_effort_wfe_or_timeout
                0x00000000100015c4      0x1f8 CMakeFiles/ssd1306_i2c.dir/home/pc/pico/pico-sdk/src/common/pico_time/time.c.obj
                0x00000000100015c4                best_effort_wfe_or_timeout
 .text.hardware_alarm_irq_handler
                0x00000000100017bc       0xa4 CMakeFiles/ssd1306_i2c.dir/home/pc/pico/pico-sdk/src/rp2_common/hardware_timer/timer.c.obj
 .text.hardware_alarm_claim
                0x0000000010001860       0x18 CMakeFiles/ssd1306_i2c.dir/home/pc/pico/pico-sdk/src/rp2_common/hardware_timer/timer.c.obj
                0x0000000010001860                hardware_alarm_claim
 .text.time_us_64
                0x0000000010001878       0x18 CMakeFiles/ssd1306_i2c.dir/home/pc/pico/pico-sdk/src/rp2_common/hardware_timer/timer.c.obj
                0x0000000010001878                time_us_64
 .text.busy_wait_us
                0x0000000010001890       0x54 CMakeFiles/ssd1306_i2c.dir/home/pc/pico/pico-sdk/src/rp2_common/hardware_timer/timer.c.obj
                0x0000000010001890                busy_wait_us
 .text.busy_wait_until
                0x00000000100018e4       0x20 CMakeFiles/ssd1306_i2c.dir/home/pc/pico/pico-sdk/src/rp2_common/hardware_timer/timer.c.obj
                0x00000000100018e4                busy_wait_until
 .text.hardware_alarm_set_callback
                0x0000000010001904       0x8c CMakeFiles/ssd1306_i2c.dir/home/pc/pico/pico-sdk/src/rp2_common/hardware_timer/timer.c.obj
                0x0000000010001904                hardware_alarm_set_callback
 .text.hardware_alarm_set_target
                0x0000000010001990       0xdc CMakeFiles/ssd1306_i2c.dir/home/pc/pico/pico-sdk/src/rp2_common/hardware_timer/timer.c.obj
                0x0000000010001990                hardware_alarm_set_target
 .text.hardware_alarm_cancel
                0x0000000010001a6c       0x40 CMakeFiles/ssd1306_i2c.dir/home/pc/pico/pico-sdk/src/rp2_common/hardware_timer/timer.c.obj
                0x0000000010001a6c                hardware_alarm_cancel
 .text.ph_merge_two_pass.part.3
                0x0000000010001aac      0x18c CMakeFiles/ssd1306_i2c.dir/home/pc/pico/pico-sdk/src/common/pico_util/pheap.c.obj
 .text.ph_post_alloc_init
                0x0000000010001c38       0x3c CMakeFiles/ssd1306_i2c.dir/home/pc/pico/pico-sdk/src/common/pico_util/pheap.c.obj
                0x0000000010001c38                ph_post_alloc_init
 .text.ph_remove_head
                0x0000000010001c74      0x154 CMakeFiles/ssd1306_i2c.dir/home/pc/pico/pico-sdk/src/common/pico_util/pheap.c.obj
                0x0000000010001c74                ph_remove_head
 .text.ph_remove_and_free_node
                0x0000000010001dc8      0x310 CMakeFiles/ssd1306_i2c.dir/home/pc/pico/pico-sdk/src/common/pico_util/pheap.c.obj
                0x0000000010001dc8                ph_remove_and_free_node
 .text.uart_init
                0x00000000100020d8      0x184 CMakeFiles/ssd1306_i2c.dir/home/pc/pico/pico-sdk/src/rp2_common/hardware_uart/uart.c.obj
                0x00000000100020d8                uart_init
 .text.clocks_init
                0x000000001000225c      0x2dc CMakeFiles/ssd1306_i2c.dir/home/pc/pico/pico-sdk/src/rp2_common/hardware_clocks/clocks.c.obj
                0x000000001000225c                clocks_init
 .text.clock_get_hz
                0x0000000010002538        0xc CMakeFiles/ssd1306_i2c.dir/home/pc/pico/pico-sdk/src/rp2_common/hardware_clocks/clocks.c.obj
                0x0000000010002538                clock_get_hz
 .text.pll_init
                0x0000000010002544       0x9c CMakeFiles/ssd1306_i2c.dir/home/pc/pico/pico-sdk/src/rp2_common/hardware_pll/pll.c.obj
                0x0000000010002544                pll_init
 .text.watchdog_start_tick
                0x00000000100025e0       0x10 CMakeFiles/ssd1306_i2c.dir/home/pc/pico/pico-sdk/src/rp2_common/hardware_watchdog/watchdog.c.obj
                0x00000000100025e0                watchdog_start_tick
 .text.xosc_init
                0x00000000100025f0       0x28 CMakeFiles/ssd1306_i2c.dir/home/pc/pico/pico-sdk/src/rp2_common/hardware_xosc/xosc.c.obj
                0x00000000100025f0                xosc_init
 .text.runtime_init
                0x0000000010002618       0xf4 CMakeFiles/ssd1306_i2c.dir/home/pc/pico/pico-sdk/src/rp2_common/pico_runtime/runtime.c.obj
                0x0000000010002618                runtime_init
 .text._exit    0x000000001000270c        0x4 CMakeFiles/ssd1306_i2c.dir/home/pc/pico/pico-sdk/src/rp2_common/pico_runtime/runtime.c.obj
                0x000000001000270c                _exit
 .text._sbrk    0x0000000010002710       0x34 CMakeFiles/ssd1306_i2c.dir/home/pc/pico/pico-sdk/src/rp2_common/pico_runtime/runtime.c.obj
                0x0000000010002710                _sbrk
 .text.exit     0x0000000010002744        0x8 CMakeFiles/ssd1306_i2c.dir/home/pc/pico/pico-sdk/src/rp2_common/pico_runtime/runtime.c.obj
                0x0000000010002744                exit
 .text.panic    0x000000001000274c       0x30 CMakeFiles/ssd1306_i2c.dir/home/pc/pico/pico-sdk/src/rp2_common/pico_runtime/runtime.c.obj
                0x000000001000274c                panic
 .text.hard_assertion_failure
                0x000000001000277c        0xc CMakeFiles/ssd1306_i2c.dir/home/pc/pico/pico-sdk/src/rp2_common/pico_runtime/runtime.c.obj
                0x000000001000277c                hard_assertion_failure
 .text._out_char
                0x0000000010002788       0x3c CMakeFiles/ssd1306_i2c.dir/home/pc/pico/pico-sdk/src/rp2_common/pico_printf/printf.c.obj
 .text.weak_raw_vprintf
                0x00000000100027c4       0x30 CMakeFiles/ssd1306_i2c.dir/home/pc/pico/pico-sdk/src/rp2_common/pico_printf/printf.c.obj
                0x00000000100027c4                weak_raw_vprintf
 .text          0x00000000100027f4       0x10 CMakeFiles/ssd1306_i2c.dir/home/pc/pico/pico-sdk/src/rp2_common/pico_bit_ops/bit_ops_aeabi.S.obj
 .text.rom_func_lookup
                0x0000000010002804       0x10 CMakeFiles/ssd1306_i2c.dir/home/pc/pico/pico-sdk/src/rp2_common/pico_bootrom/bootrom.c.obj
                0x0000000010002804                rom_func_lookup
 .text.rom_data_lookup
                0x0000000010002814       0x10 CMakeFiles/ssd1306_i2c.dir/home/pc/pico/pico-sdk/src/rp2_common/pico_bootrom/bootrom.c.obj
                0x0000000010002814                rom_data_lookup
 .text.rom_funcs_lookup
                0x0000000010002824       0x44 CMakeFiles/ssd1306_i2c.dir/home/pc/pico/pico-sdk/src/rp2_common/pico_bootrom/bootrom.c.obj
                0x0000000010002824                rom_funcs_lookup
 .text.__wrap___aeabi_uidiv
                0x0000000010002868       0x4c CMakeFiles/ssd1306_i2c.dir/home/pc/pico/pico-sdk/src/rp2_common/pico_divider/divider.S.obj
                0x0000000010002868                __wrap___aeabi_uidiv
                0x0000000010002868                __wrap___aeabi_uidivmod
                0x0000000010002868                div_u32u32
                0x0000000010002868                divmod_u32u32
                0x0000000010002870                divmod_u32u32_unsafe
                0x0000000010002898                divmod_u32u32_savestate
 .text.__aeabi_double_init
                0x00000000100028b4       0x60 CMakeFiles/ssd1306_i2c.dir/home/pc/pico/pico-sdk/src/rp2_common/pico_double/double_init_rom.c.obj
                0x00000000100028b4                __aeabi_double_init
 .text.double_table_shim_on_use_helper
                0x0000000010002914       0x2c CMakeFiles/ssd1306_i2c.dir/home/pc/pico/pico-sdk/src/rp2_common/pico_double/double_v1_rom_shim.S.obj
                0x0000000010002914                double_table_shim_on_use_helper
 .text.__aeabi_lmul
                0x0000000010002940       0x32 CMakeFiles/ssd1306_i2c.dir/home/pc/pico/pico-sdk/src/rp2_common/pico_int64_ops/pico_int64_ops_aeabi.S.obj
                0x0000000010002940                __wrap___aeabi_lmul
 *fill*         0x0000000010002972        0x2 
 .text.__aeabi_float_init
                0x0000000010002974       0x68 CMakeFiles/ssd1306_i2c.dir/home/pc/pico/pico-sdk/src/rp2_common/pico_float/float_init_rom.c.obj
                0x0000000010002974                __aeabi_float_init
 .text.float_table_shim_on_use_helper
                0x00000000100029dc       0x2c CMakeFiles/ssd1306_i2c.dir/home/pc/pico/pico-sdk/src/rp2_common/pico_float/float_v1_rom_shim.S.obj
                0x00000000100029dc                float_table_shim_on_use_helper
 .text.__wrap_malloc
                0x0000000010002a08       0x24 CMakeFiles/ssd1306_i2c.dir/home/pc/pico/pico-sdk/src/rp2_common/pico_malloc/pico_malloc.c.obj
                0x0000000010002a08                __wrap_malloc
 .text.__wrap_free
                0x0000000010002a2c        0x8 CMakeFiles/ssd1306_i2c.dir/home/pc/pico/pico-sdk/src/rp2_common/pico_malloc/pico_malloc.c.obj
                0x0000000010002a2c                __wrap_free
 .text          0x0000000010002a34       0x10 CMakeFiles/ssd1306_i2c.dir/home/pc/pico/pico-sdk/src/rp2_common/pico_mem_ops/mem_ops_aeabi.S.obj
                0x0000000010002a34                __aeabi_mem_init
 .text.memset   0x0000000010002a44        0xc CMakeFiles/ssd1306_i2c.dir/home/pc/pico/pico-sdk/src/rp2_common/pico_mem_ops/mem_ops_aeabi.S.obj
                0x0000000010002a44                __wrap_memset
 .text.memcpy   0x0000000010002a50        0xc CMakeFiles/ssd1306_i2c.dir/home/pc/pico/pico-sdk/src/rp2_common/pico_mem_ops/mem_ops_aeabi.S.obj
                0x0000000010002a50                __wrap___aeabi_memcpy
                0x0000000010002a50                __wrap_memcpy
 .text.stdio_out_chars_no_crlf
                0x0000000010002a5c       0x10 CMakeFiles/ssd1306_i2c.dir/home/pc/pico/pico-sdk/src/rp2_common/pico_stdio/stdio.c.obj
 .text.stdio_out_chars_crlf
                0x0000000010002a6c       0xbc CMakeFiles/ssd1306_i2c.dir/home/pc/pico/pico-sdk/src/rp2_common/pico_stdio/stdio.c.obj
 .text.stdio_put_string
                0x0000000010002b28       0xfc CMakeFiles/ssd1306_i2c.dir/home/pc/pico/pico-sdk/src/rp2_common/pico_stdio/stdio.c.obj
 .text.__wrap_puts
                0x0000000010002c24       0x34 CMakeFiles/ssd1306_i2c.dir/home/pc/pico/pico-sdk/src/rp2_common/pico_stdio/stdio.c.obj
                0x0000000010002c24                __wrap_puts
 .text._read    0x0000000010002c58       0x90 CMakeFiles/ssd1306_i2c.dir/home/pc/pico/pico-sdk/src/rp2_common/pico_stdio/stdio.c.obj
                0x0000000010002c58                _read
 .text._write   0x0000000010002ce8       0xac CMakeFiles/ssd1306_i2c.dir/home/pc/pico/pico-sdk/src/rp2_common/pico_stdio/stdio.c.obj
                0x0000000010002ce8                _write
 .text._close   0x0000000010002d94        0x8 CMakeFiles/ssd1306_i2c.dir/home/pc/pico/pico-sdk/src/rp2_common/pico_stdio/stdio.c.obj
                0x0000000010002d94                _close
 .text._lseek   0x0000000010002d9c        0x8 CMakeFiles/ssd1306_i2c.dir/home/pc/pico/pico-sdk/src/rp2_common/pico_stdio/stdio.c.obj
                0x0000000010002d9c                _lseek
 .text._fstat   0x0000000010002da4        0x8 CMakeFiles/ssd1306_i2c.dir/home/pc/pico/pico-sdk/src/rp2_common/pico_stdio/stdio.c.obj
                0x0000000010002da4                _fstat
 .text._isatty  0x0000000010002dac        0xc CMakeFiles/ssd1306_i2c.dir/home/pc/pico/pico-sdk/src/rp2_common/pico_stdio/stdio.c.obj
                0x0000000010002dac                _isatty
 .text.stdio_set_driver_enabled
                0x0000000010002db8       0x30 CMakeFiles/ssd1306_i2c.dir/home/pc/pico/pico-sdk/src/rp2_common/pico_stdio/stdio.c.obj
                0x0000000010002db8                stdio_set_driver_enabled
 .text.stdio_init_all
                0x0000000010002de8        0xc CMakeFiles/ssd1306_i2c.dir/home/pc/pico/pico-sdk/src/rp2_common/pico_stdio/stdio.c.obj
                0x0000000010002de8                stdio_init_all
 .text.stdio_uart_out_chars
                0x0000000010002df4       0x4c CMakeFiles/ssd1306_i2c.dir/home/pc/pico/pico-sdk/src/rp2_common/pico_stdio_uart/stdio_uart.c.obj
 .text.stdio_uart_in_chars
                0x0000000010002e40       0x70 CMakeFiles/ssd1306_i2c.dir/home/pc/pico/pico-sdk/src/rp2_common/pico_stdio_uart/stdio_uart.c.obj
                0x0000000010002e40                stdio_uart_in_chars
 .text.on_uart_rx
                0x0000000010002eb0       0x28 CMakeFiles/ssd1306_i2c.dir/home/pc/pico/pico-sdk/src/rp2_common/pico_stdio_uart/stdio_uart.c.obj
 .text.stdio_uart_set_chars_available_callback
                0x0000000010002ed8       0x88 CMakeFiles/ssd1306_i2c.dir/home/pc/pico/pico-sdk/src/rp2_common/pico_stdio_uart/stdio_uart.c.obj
 .text.stdio_uart_init
                0x0000000010002f60       0x48 CMakeFiles/ssd1306_i2c.dir/home/pc/pico/pico-sdk/src/rp2_common/pico_stdio_uart/stdio_uart.c.obj
                0x0000000010002f60                stdio_uart_init
 .text.i2c_init
                0x0000000010002fa8      0x104 CMakeFiles/ssd1306_i2c.dir/home/pc/pico/pico-sdk/src/rp2_common/hardware_i2c/i2c.c.obj
                0x0000000010002fa8                i2c_init
 .text.i2c_write_blocking
                0x00000000100030ac       0xdc CMakeFiles/ssd1306_i2c.dir/home/pc/pico/pico-sdk/src/rp2_common/hardware_i2c/i2c.c.obj
                0x00000000100030ac                i2c_write_blocking
 .text          0x0000000010003188       0x28 /usr/lib/gcc/arm-none-eabi/6.3.1/../../../arm-none-eabi/lib/thumb/v6-m/libc.a(lib_a-malloc.o)
                0x0000000010003188                malloc
                0x000000001000319c                free
 .text          0x00000000100031b0      0x558 /usr/lib/gcc/arm-none-eabi/6.3.1/../../../arm-none-eabi/lib/thumb/v6-m/libc.a(lib_a-mallocr.o)
                0x00000000100031b0                _malloc_r
 .text          0x0000000010003708        0x8 /usr/lib/gcc/arm-none-eabi/6.3.1/../../../arm-none-eabi/lib/thumb/v6-m/libc.a(lib_a-mlock.o)
                0x0000000010003708                __malloc_lock
                0x000000001000370c                __malloc_unlock
 .text          0x0000000010003710       0x24 /usr/lib/gcc/arm-none-eabi/6.3.1/../../../arm-none-eabi/lib/thumb/v6-m/libc.a(lib_a-sbrkr.o)
                0x0000000010003710                _sbrk_r
 .text          0x0000000010003734       0x64 /usr/lib/gcc/arm-none-eabi/6.3.1/../../../arm-none-eabi/lib/thumb/v6-m/libc.a(lib_a-strlen-stub.o)
                0x0000000010003734                strlen
 .text          0x0000000010003798       0xd4 /usr/lib/gcc/arm-none-eabi/6.3.1/../../../arm-none-eabi/lib/thumb/v6-m/libc.a(lib_a-wbuf.o)
                0x0000000010003798                __swbuf_r
                0x0000000010003854                __swbuf
 .text          0x000000001000386c       0xd4 /usr/lib/gcc/arm-none-eabi/6.3.1/../../../arm-none-eabi/lib/thumb/v6-m/libc.a(lib_a-wsetup.o)
                0x000000001000386c                __swsetup_r
 .text          0x0000000010003940      0x1a4 /usr/lib/gcc/arm-none-eabi/6.3.1/../../../arm-none-eabi/lib/thumb/v6-m/libc.a(lib_a-fflush.o)
                0x0000000010003940                __sflush_r
                0x0000000010003a90                _fflush_r
                0x0000000010003abc                fflush
 .text          0x0000000010003ae4      0x22c /usr/lib/gcc/arm-none-eabi/6.3.1/../../../arm-none-eabi/lib/thumb/v6-m/libc.a(lib_a-findfp.o)
                0x0000000010003ae8                _cleanup_r
                0x0000000010003bec                __sfmoreglue
                0x0000000010003c1c                __sfp
                0x0000000010003ca8                _cleanup
                0x0000000010003cc0                __sinit
                0x0000000010003cd0                __sfp_lock_acquire
                0x0000000010003cd4                __sfp_lock_release
                0x0000000010003cd8                __sinit_lock_acquire
                0x0000000010003cdc                __sinit_lock_release
                0x0000000010003ce0                __fp_lock_all
                0x0000000010003cf8                __fp_unlock_all
 .text          0x0000000010003d10      0x25c /usr/lib/gcc/arm-none-eabi/6.3.1/../../../arm-none-eabi/lib/thumb/v6-m/libc.a(lib_a-freer.o)
                0x0000000010003d10                _malloc_trim_r
                0x0000000010003db0                _free_r
 .text          0x0000000010003f6c       0x90 /usr/lib/gcc/arm-none-eabi/6.3.1/../../../arm-none-eabi/lib/thumb/v6-m/libc.a(lib_a-fwalk.o)
                0x0000000010003f6c                _fwalk
                0x0000000010003fb0                _fwalk_reent
 .text          0x0000000010003ffc       0xe8 /usr/lib/gcc/arm-none-eabi/6.3.1/../../../arm-none-eabi/lib/thumb/v6-m/libc.a(lib_a-makebuf.o)
                0x0000000010003ffc                __swhatbuf_r
                0x000000001000405c                __smakebuf_r
 .text          0x00000000100040e4       0xa0 /usr/lib/gcc/arm-none-eabi/6.3.1/../../../arm-none-eabi/lib/thumb/v6-m/libc.a(lib_a-stdio.o)
                0x00000000100040e4                __sread
                0x000000001000410c                __seofread
                0x0000000010004110                __swrite
                0x000000001000414c                __sseek
                0x0000000010004178                __sclose
 .text          0x0000000010004184       0x28 /usr/lib/gcc/arm-none-eabi/6.3.1/../../../arm-none-eabi/lib/thumb/v6-m/libc.a(lib_a-writer.o)
                0x0000000010004184                _write_r
 .text          0x00000000100041ac       0x24 /usr/lib/gcc/arm-none-eabi/6.3.1/../../../arm-none-eabi/lib/thumb/v6-m/libc.a(lib_a-closer.o)
                0x00000000100041ac                _close_r
 .text          0x00000000100041d0       0xa0 /usr/lib/gcc/arm-none-eabi/6.3.1/../../../arm-none-eabi/lib/thumb/v6-m/libc.a(lib_a-fclose.o)
                0x00000000100041d0                _fclose_r
                0x000000001000425c                fclose
 .text          0x0000000010004270       0x28 /usr/lib/gcc/arm-none-eabi/6.3.1/../../../arm-none-eabi/lib/thumb/v6-m/libc.a(lib_a-fstatr.o)
                0x0000000010004270                _fstat_r
 .text          0x0000000010004298       0x24 /usr/lib/gcc/arm-none-eabi/6.3.1/../../../arm-none-eabi/lib/thumb/v6-m/libc.a(lib_a-isattyr.o)
                0x0000000010004298                _isatty_r
 .text          0x00000000100042bc       0x28 /usr/lib/gcc/arm-none-eabi/6.3.1/../../../arm-none-eabi/lib/thumb/v6-m/libc.a(lib_a-lseekr.o)
                0x00000000100042bc                _lseek_r
 .text          0x00000000100042e4       0x28 /usr/lib/gcc/arm-none-eabi/6.3.1/../../../arm-none-eabi/lib/thumb/v6-m/libc.a(lib_a-readr.o)
                0x00000000100042e4                _read_r
 *(.fini)
 .fini          0x000000001000430c        0x4 /usr/lib/gcc/arm-none-eabi/6.3.1/thumb/v6-m/crti.o
                0x000000001000430c                _fini
 .fini.__stub   0x0000000010004310       0x30 linker stubs
 *crtbegin.o(.ctors)
 *crtbegin?.o(.ctors)
 *(EXCLUDE_FILE(*crtend.o *crtend?.o) .ctors)
 *(SORT(.ctors.*))
 *(.ctors)
 *crtbegin.o(.dtors)
 *crtbegin?.o(.dtors)
 *(EXCLUDE_FILE(*crtend.o *crtend?.o) .dtors)
 *(SORT(.dtors.*))
 *(.dtors)
 *(.eh_frame*)
 .eh_frame      0x0000000010004340        0x0 /usr/lib/gcc/arm-none-eabi/6.3.1/thumb/v6-m/crtbegin.o
                0x0000000010004340                . = ALIGN (0x4)

.glue_7         0x0000000010004340        0x0
 .glue_7        0x0000000010004340        0x0 linker stubs

.glue_7t        0x0000000010004340        0x0
 .glue_7t       0x0000000010004340        0x0 linker stubs

.vfp11_veneer   0x0000000010004340        0x0
 .vfp11_veneer  0x0000000010004340        0x0 linker stubs

.v4_bx          0x0000000010004340        0x0
 .v4_bx         0x0000000010004340        0x0 linker stubs

.iplt           0x0000000010004340        0x0
 .iplt          0x0000000010004340        0x0 /usr/lib/gcc/arm-none-eabi/6.3.1/thumb/v6-m/crtbegin.o

.rodata         0x0000000010004340      0x478
 *(EXCLUDE_FILE(*libm.a: *libc.a:*lib_a-mem*.o *libgcc.a:) .rodata*)
 .rodata        0x0000000010004340       0x3c CMakeFiles/ssd1306_i2c.dir/ssd1306_i2c.c.obj
 .rodata.__bi_333.6911
                0x000000001000437c        0x8 CMakeFiles/ssd1306_i2c.dir/ssd1306_i2c.c.obj
 .rodata.__bi_334.6914
                0x0000000010004384        0xc CMakeFiles/ssd1306_i2c.dir/ssd1306_i2c.c.obj
 .rodata.font   0x0000000010004390      0x128 CMakeFiles/ssd1306_i2c.dir/ssd1306_i2c.c.obj
 .rodata.main.str1.4
                0x00000000100044b8       0x36 CMakeFiles/ssd1306_i2c.dir/ssd1306_i2c.c.obj
 *fill*         0x00000000100044ee        0x2 
 .rodata.str1.4
                0x00000000100044f0       0xb1 CMakeFiles/ssd1306_i2c.dir/ssd1306_i2c.c.obj
 *fill*         0x00000000100045a1        0x7 
 .rodata.at_the_end_of_time
                0x00000000100045a8        0x8 CMakeFiles/ssd1306_i2c.dir/home/pc/pico/pico-sdk/src/common/pico_time/time.c.obj
                0x00000000100045a8                at_the_end_of_time
 .rodata.hardware_alarm_claim.str1.4
                0x00000000100045b0       0x22 CMakeFiles/ssd1306_i2c.dir/home/pc/pico/pico-sdk/src/rp2_common/hardware_timer/timer.c.obj
 *fill*         0x00000000100045d2        0x2 
 .rodata.hard_assertion_failure.str1.4
                0x00000000100045d4        0xc CMakeFiles/ssd1306_i2c.dir/home/pc/pico/pico-sdk/src/rp2_common/pico_runtime/runtime.c.obj
 .rodata.panic.str1.4
                0x00000000100045e0       0x12 CMakeFiles/ssd1306_i2c.dir/home/pc/pico/pico-sdk/src/rp2_common/pico_runtime/runtime.c.obj
 *fill*         0x00000000100045f2        0x2 
 .rodata.__wrap_malloc.str1.4
                0x00000000100045f4        0xe CMakeFiles/ssd1306_i2c.dir/home/pc/pico/pico-sdk/src/rp2_common/pico_malloc/pico_malloc.c.obj
 *fill*         0x0000000010004602        0x2 
 .rodata.__bi_44
                0x0000000010004604        0xc CMakeFiles/ssd1306_i2c.dir/home/pc/pico/pico-sdk/src/rp2_common/pico_standard_link/binary_info.c.obj
 .rodata.__bi_75
                0x0000000010004610        0xc CMakeFiles/ssd1306_i2c.dir/home/pc/pico/pico-sdk/src/rp2_common/pico_standard_link/binary_info.c.obj
 .rodata.__bi_81
                0x000000001000461c        0xc CMakeFiles/ssd1306_i2c.dir/home/pc/pico/pico-sdk/src/rp2_common/pico_standard_link/binary_info.c.obj
 .rodata.str1.4
                0x0000000010004628       0x40 CMakeFiles/ssd1306_i2c.dir/home/pc/pico/pico-sdk/src/rp2_common/pico_standard_link/binary_info.c.obj
 .rodata.crlf_str.6113
                0x0000000010004668        0x2 CMakeFiles/ssd1306_i2c.dir/home/pc/pico/pico-sdk/src/rp2_common/pico_stdio/stdio.c.obj
 *fill*         0x000000001000466a        0x2 
 .rodata.__bi_33.4848
                0x000000001000466c        0xc CMakeFiles/ssd1306_i2c.dir/home/pc/pico/pico-sdk/src/rp2_common/pico_stdio_uart/stdio_uart.c.obj
 .rodata.__bi_34.4852
                0x0000000010004678        0x8 CMakeFiles/ssd1306_i2c.dir/home/pc/pico/pico-sdk/src/rp2_common/pico_stdio_uart/stdio_uart.c.obj
 .rodata.str1.4
                0x0000000010004680       0x2c CMakeFiles/ssd1306_i2c.dir/home/pc/pico/pico-sdk/src/rp2_common/pico_stdio_uart/stdio_uart.c.obj
 .rodata        0x00000000100046ac      0x101 /usr/lib/gcc/arm-none-eabi/6.3.1/../../../arm-none-eabi/lib/thumb/v6-m/libc.a(lib_a-ctype_.o)
                0x00000000100046ac                _ctype_
 *fill*         0x00000000100047ad        0x3 
 .rodata        0x00000000100047b0        0x4 /usr/lib/gcc/arm-none-eabi/6.3.1/../../../arm-none-eabi/lib/thumb/v6-m/libc.a(lib_a-impure.o)
                0x00000000100047b0                _global_impure_ptr
 .rodata.str1.4
                0x00000000100047b4        0x4 /usr/lib/gcc/arm-none-eabi/6.3.1/../../../arm-none-eabi/lib/thumb/v6-m/libc.a(lib_a-impure.o)
                                          0x2 (size before relaxing)
                0x00000000100047b8                . = ALIGN (0x4)
 *(SORT(.flashdata*))
                0x00000000100047b8                . = ALIGN (0x4)

.ARM.extab
 *(.ARM.extab* .gnu.linkonce.armextab.*)
                0x00000000100047b8                __exidx_start = .

.ARM.exidx
 *(.ARM.exidx* .gnu.linkonce.armexidx.*)
                0x00000000100047b8                __exidx_end = .
                0x00000000100047b8                . = ALIGN (0x4)
                0x00000000100047b8                __binary_info_start = .

.binary_info    0x00000000100047b8       0x2c
 *(.binary_info.keep.*)
 .binary_info.keep.__bi_ptr333
                0x00000000100047b8        0x4 CMakeFiles/ssd1306_i2c.dir/ssd1306_i2c.c.obj
 .binary_info.keep.__bi_ptr334
                0x00000000100047bc        0x4 CMakeFiles/ssd1306_i2c.dir/ssd1306_i2c.c.obj
 .binary_info.keep.__bi_ptr22
                0x00000000100047c0        0x4 CMakeFiles/ssd1306_i2c.dir/home/pc/pico/pico-sdk/src/rp2_common/pico_standard_link/binary_info.c.obj
 .binary_info.keep.__bi_ptr30
                0x00000000100047c4        0x4 CMakeFiles/ssd1306_i2c.dir/home/pc/pico/pico-sdk/src/rp2_common/pico_standard_link/binary_info.c.obj
 .binary_info.keep.__bi_ptr38
                0x00000000100047c8        0x4 CMakeFiles/ssd1306_i2c.dir/home/pc/pico/pico-sdk/src/rp2_common/pico_standard_link/binary_info.c.obj
 .binary_info.keep.__bi_ptr44
                0x00000000100047cc        0x4 CMakeFiles/ssd1306_i2c.dir/home/pc/pico/pico-sdk/src/rp2_common/pico_standard_link/binary_info.c.obj
 .binary_info.keep.__bi_ptr50
                0x00000000100047d0        0x4 CMakeFiles/ssd1306_i2c.dir/home/pc/pico/pico-sdk/src/rp2_common/pico_standard_link/binary_info.c.obj
 .binary_info.keep.__bi_ptr75
                0x00000000100047d4        0x4 CMakeFiles/ssd1306_i2c.dir/home/pc/pico/pico-sdk/src/rp2_common/pico_standard_link/binary_info.c.obj
 .binary_info.keep.__bi_ptr81
                0x00000000100047d8        0x4 CMakeFiles/ssd1306_i2c.dir/home/pc/pico/pico-sdk/src/rp2_common/pico_standard_link/binary_info.c.obj
 *(.binary_info.*)
 .binary_info.__bi_ptr33
                0x00000000100047dc        0x4 CMakeFiles/ssd1306_i2c.dir/home/pc/pico/pico-sdk/src/rp2_common/pico_stdio_uart/stdio_uart.c.obj
 .binary_info.__bi_ptr34
                0x00000000100047e0        0x4 CMakeFiles/ssd1306_i2c.dir/home/pc/pico/pico-sdk/src/rp2_common/pico_stdio_uart/stdio_uart.c.obj
                0x00000000100047e4                __binary_info_end = .

.rel.dyn        0x00000000100047e4        0x0
 .rel.iplt      0x00000000100047e4        0x0 /usr/lib/gcc/arm-none-eabi/6.3.1/thumb/v6-m/crtbegin.o
                0x00000000100047e4                . = ALIGN (0x4)

.ram_vector_table
                0x0000000020000000       0xc0
 *(.ram_vector_table)
 .ram_vector_table
                0x0000000020000000       0xc0 CMakeFiles/ssd1306_i2c.dir/home/pc/pico/pico-sdk/src/rp2_common/pico_runtime/runtime.c.obj
                0x0000000020000000                ram_vector_table

.data           0x00000000200000c0      0xa74 load address 0x00000000100047e4
                0x00000000200000c0                __data_start__ = .
 *(vtable)
 *(.time_critical*)
 .time_critical.mutex_try_enter_block_until
                0x00000000200000c0       0xb4 CMakeFiles/ssd1306_i2c.dir/home/pc/pico/pico-sdk/src/common/pico_sync/mutex.c.obj
                0x00000000200000c0                mutex_try_enter_block_until
 .time_critical.mutex_exit
                0x0000000020000174       0x28 CMakeFiles/ssd1306_i2c.dir/home/pc/pico/pico-sdk/src/common/pico_sync/mutex.c.obj
                0x0000000020000174                mutex_exit
 *(.text*)
 .text          0x000000002000019c        0x4 /usr/lib/gcc/arm-none-eabi/6.3.1/thumb/v6-m/libgcc.a(_dvmd_tls.o)
                0x000000002000019c                __aeabi_ldiv0
                0x000000002000019c                __aeabi_idiv0
 .text.__stub   0x00000000200001a0       0x10 linker stubs
                0x00000000200001b0                . = ALIGN (0x4)
 *(.rodata*)
                0x00000000200001b0                . = ALIGN (0x4)
 *(.data*)
 .data.raspberry26x32
                0x00000000200001b0       0x68 CMakeFiles/ssd1306_i2c.dir/ssd1306_i2c.c.obj
 .data.striped_spin_lock_num
                0x0000000020000218        0x1 CMakeFiles/ssd1306_i2c.dir/home/pc/pico/pico-sdk/src/rp2_common/hardware_sync/sync.c.obj
 *fill*         0x0000000020000219        0x3 
 .data          0x000000002000021c       0x48 CMakeFiles/ssd1306_i2c.dir/home/pc/pico/pico-sdk/src/rp2_common/hardware_irq/irq_handler_chain.S.obj
                0x000000002000021c                irq_handler_chain_slots
                0x000000002000024c                irq_handler_chain_first_slot
                0x0000000020000256                irq_handler_chain_remove_tail
 .data.default_alarm_pool
                0x0000000020000264       0x18 CMakeFiles/ssd1306_i2c.dir/home/pc/pico/pico-sdk/src/common/pico_time/time.c.obj
 .data.default_alarm_pool_heap
                0x000000002000027c       0x10 CMakeFiles/ssd1306_i2c.dir/home/pc/pico/pico-sdk/src/common/pico_time/time.c.obj
 *fill*         0x000000002000028c        0x4 
 .data.aeabi_bits_funcs
                0x0000000020000290       0x10 CMakeFiles/ssd1306_i2c.dir/home/pc/pico/pico-sdk/src/rp2_common/pico_bit_ops/bit_ops_aeabi.S.obj
                0x0000000020000290                aeabi_bits_funcs
                0x00000000200002a0                aeabi_bits_funcs_end
 .data.aeabi_mem_funcs
                0x00000000200002a0       0x10 CMakeFiles/ssd1306_i2c.dir/home/pc/pico/pico-sdk/src/rp2_common/pico_mem_ops/mem_ops_aeabi.S.obj
                0x00000000200002a0                aeabi_mem_funcs
                0x00000000200002b0                aeabi_mem_funcs_end
 .data.stdio_uart
                0x00000000200002b0       0x18 CMakeFiles/ssd1306_i2c.dir/home/pc/pico/pico-sdk/src/rp2_common/pico_stdio_uart/stdio_uart.c.obj
                0x00000000200002b0                stdio_uart
 .data.i2c0_inst
                0x00000000200002c8        0x8 CMakeFiles/ssd1306_i2c.dir/home/pc/pico/pico-sdk/src/rp2_common/hardware_i2c/i2c.c.obj
                0x00000000200002c8                i2c0_inst
 .data          0x00000000200002d0        0x4 /usr/lib/gcc/arm-none-eabi/6.3.1/../../../arm-none-eabi/lib/thumb/v6-m/libc.a(lib_a-ctype_.o)
                0x00000000200002d0                __ctype_ptr__
 *fill*         0x00000000200002d4        0x4 
 .data          0x00000000200002d8      0x430 /usr/lib/gcc/arm-none-eabi/6.3.1/../../../arm-none-eabi/lib/thumb/v6-m/libc.a(lib_a-impure.o)
                0x00000000200002d8                _impure_ptr
 .data          0x0000000020000708      0x410 /usr/lib/gcc/arm-none-eabi/6.3.1/../../../arm-none-eabi/lib/thumb/v6-m/libc.a(lib_a-mallocr.o)
                0x0000000020000708                __malloc_av_
                0x0000000020000b10                __malloc_sbrk_base
                0x0000000020000b14                __malloc_trim_threshold
                0x0000000020000b18                . = ALIGN (0x4)
 *(.after_data.*)
                0x0000000020000b18                . = ALIGN (0x4)
                0x0000000020000b18                PROVIDE (__mutex_array_start, .)
 *(SORT(.mutex_array.*))
 *(.mutex_array)
 .mutex_array   0x0000000020000b18        0x8 CMakeFiles/ssd1306_i2c.dir/home/pc/pico/pico-sdk/src/rp2_common/pico_stdio/stdio.c.obj
                0x0000000020000b20                PROVIDE (__mutex_array_end, .)
                0x0000000020000b20                . = ALIGN (0x4)
                0x0000000020000b20                PROVIDE (__preinit_array_start, .)
 *(SORT(.preinit_array.*))
 .preinit_array.00001
                0x0000000020000b20        0x4 CMakeFiles/ssd1306_i2c.dir/home/pc/pico/pico-sdk/src/rp2_common/pico_mem_ops/mem_ops_aeabi.S.obj
 .preinit_array.00010
                0x0000000020000b24        0x4 CMakeFiles/ssd1306_i2c.dir/home/pc/pico/pico-sdk/src/rp2_common/pico_bit_ops/bit_ops_aeabi.S.obj
 .preinit_array.00020
                0x0000000020000b28        0x4 CMakeFiles/ssd1306_i2c.dir/home/pc/pico/pico-sdk/src/rp2_common/pico_double/double_aeabi.S.obj
 .preinit_array.00020
                0x0000000020000b2c        0x4 CMakeFiles/ssd1306_i2c.dir/home/pc/pico/pico-sdk/src/rp2_common/pico_float/float_aeabi.S.obj
 *(.preinit_array)
                0x0000000020000b30                PROVIDE (__preinit_array_end, .)
                0x0000000020000b30                . = ALIGN (0x4)
                0x0000000020000b30                PROVIDE (__init_array_start, .)
 *(SORT(.init_array.*))
 *(.init_array)
 .init_array    0x0000000020000b30        0x4 /usr/lib/gcc/arm-none-eabi/6.3.1/thumb/v6-m/crtbegin.o
                0x0000000020000b34                PROVIDE (__init_array_end, .)
                0x0000000020000b34                . = ALIGN (0x4)
                0x0000000020000b34                PROVIDE (__fini_array_start, .)
 *(SORT(.fini_array.*))
 *(.fini_array)
                0x0000000020000b34                PROVIDE (__fini_array_end, .)
 *(.jcr)
 .jcr           0x0000000020000b34        0x0 /usr/lib/gcc/arm-none-eabi/6.3.1/thumb/v6-m/crtbegin.o
                0x0000000020000b34                . = ALIGN (0x4)
                0x0000000020000b34                __data_end__ = .
                0x00000000100047e4                __etext = LOADADDR (.data)

.tm_clone_table
                0x0000000020000b34        0x0 load address 0x0000000010005258
 .tm_clone_table
                0x0000000020000b34        0x0 /usr/lib/gcc/arm-none-eabi/6.3.1/thumb/v6-m/crtbegin.o
 .tm_clone_table
                0x0000000020000b34        0x0 /usr/lib/gcc/arm-none-eabi/6.3.1/thumb/v6-m/crtend.o

.igot.plt       0x0000000020000b34        0x0 load address 0x0000000010005258
 .igot.plt      0x0000000020000b34        0x0 /usr/lib/gcc/arm-none-eabi/6.3.1/thumb/v6-m/crtbegin.o

.uninitialized_data
                0x0000000020000b34        0x0 load address 0x0000000010005258
                0x0000000020000b34                . = ALIGN (0x4)
 *(.uninitialized_data*)

.scratch_x      0x0000000020040000        0x0 load address 0x0000000010005258
                0x0000000020040000                __scratch_x_start__ = .
 *(.scratch_x.*)
                0x0000000020040000                . = ALIGN (0x4)
                0x0000000020040000                __scratch_x_end__ = .
                0x0000000010005258                __scratch_x_source__ = LOADADDR (.scratch_x)

.scratch_y      0x0000000020041000        0x0 load address 0x0000000010005258
                0x0000000020041000                __scratch_y_start__ = .
 *(.scratch_y.*)
                0x0000000020041000                . = ALIGN (0x4)
                0x0000000020041000                __scratch_y_end__ = .
                0x0000000010005258                __scratch_y_source__ = LOADADDR (.scratch_y)

.bss            0x0000000020000b38      0x540
                0x0000000020000b38                . = ALIGN (0x4)
                0x0000000020000b38                __bss_start__ = .
 *(SORT(.bss*))
 .bss.default_alarm_pool_entries
                0x0000000020000b38      0x100 CMakeFiles/ssd1306_i2c.dir/home/pc/pico/pico-sdk/src/common/pico_time/time.c.obj
 .bss           0x0000000020000c38       0x1c /usr/lib/gcc/arm-none-eabi/6.3.1/thumb/v6-m/crtbegin.o
 .bss           0x0000000020000c54       0x34 /usr/lib/gcc/arm-none-eabi/6.3.1/../../../arm-none-eabi/lib/thumb/v6-m/libc.a(lib_a-mallocr.o)
                0x0000000020000c54                __malloc_top_pad
                0x0000000020000c58                __malloc_current_mallinfo
                0x0000000020000c80                __malloc_max_sbrked_mem
                0x0000000020000c84                __malloc_max_total_mem
 .bss.alarm_callbacks
                0x0000000020000c88       0x10 CMakeFiles/ssd1306_i2c.dir/home/pc/pico/pico-sdk/src/rp2_common/hardware_timer/timer.c.obj
 .bss.chars_available_callback
                0x0000000020000c98        0x4 CMakeFiles/ssd1306_i2c.dir/home/pc/pico/pico-sdk/src/rp2_common/pico_stdio_uart/stdio_uart.c.obj
 .bss.chars_available_param
                0x0000000020000c9c        0x4 CMakeFiles/ssd1306_i2c.dir/home/pc/pico/pico-sdk/src/rp2_common/pico_stdio_uart/stdio_uart.c.obj
 .bss.configured_freq
                0x0000000020000ca0       0x28 CMakeFiles/ssd1306_i2c.dir/home/pc/pico/pico-sdk/src/rp2_common/hardware_clocks/clocks.c.obj
 .bss.default_alarm_pool_entry_ids_high
                0x0000000020000cc8       0x10 CMakeFiles/ssd1306_i2c.dir/home/pc/pico/pico-sdk/src/common/pico_time/time.c.obj
 .bss.default_alarm_pool_heap_nodes
                0x0000000020000cd8       0x30 CMakeFiles/ssd1306_i2c.dir/home/pc/pico/pico-sdk/src/common/pico_time/time.c.obj
 .bss.drivers   0x0000000020000d08        0x4 CMakeFiles/ssd1306_i2c.dir/home/pc/pico/pico-sdk/src/rp2_common/pico_stdio/stdio.c.obj
 .bss.filter    0x0000000020000d0c        0x4 CMakeFiles/ssd1306_i2c.dir/home/pc/pico/pico-sdk/src/rp2_common/pico_stdio/stdio.c.obj
 .bss.heap_end.6301
                0x0000000020000d10        0x4 CMakeFiles/ssd1306_i2c.dir/home/pc/pico/pico-sdk/src/rp2_common/pico_runtime/runtime.c.obj
 .bss.lazy_vsnprintf
                0x0000000020000d14        0x4 CMakeFiles/ssd1306_i2c.dir/home/pc/pico/pico-sdk/src/rp2_common/pico_printf/printf.c.obj
 .bss.pools     0x0000000020000d18       0x10 CMakeFiles/ssd1306_i2c.dir/home/pc/pico/pico-sdk/src/common/pico_time/time.c.obj
 .bss.reversed  0x0000000020000d28      0x128 CMakeFiles/ssd1306_i2c.dir/ssd1306_i2c.c.obj
 .bss.sf_clz_func
                0x0000000020000e50        0x4 CMakeFiles/ssd1306_i2c.dir/home/pc/pico/pico-sdk/src/rp2_common/pico_double/double_init_rom.c.obj
                0x0000000020000e50                sf_clz_func
 .bss.sleep_notifier
                0x0000000020000e54        0x4 CMakeFiles/ssd1306_i2c.dir/home/pc/pico/pico-sdk/src/common/pico_time/time.c.obj
 .bss.target_hi
                0x0000000020000e58       0x10 CMakeFiles/ssd1306_i2c.dir/home/pc/pico/pico-sdk/src/rp2_common/hardware_timer/timer.c.obj
 .bss.uart_instance
                0x0000000020000e68        0x4 CMakeFiles/ssd1306_i2c.dir/home/pc/pico/pico-sdk/src/rp2_common/pico_stdio_uart/stdio_uart.c.obj
 .bss.claimed   0x0000000020000e6c        0x1 CMakeFiles/ssd1306_i2c.dir/home/pc/pico/pico-sdk/src/rp2_common/hardware_timer/timer.c.obj
 .bss.irq_hander_chain_free_slot_head
                0x0000000020000e6d        0x1 CMakeFiles/ssd1306_i2c.dir/home/pc/pico/pico-sdk/src/rp2_common/hardware_irq/irq.c.obj
 .bss.timer_callbacks_pending
                0x0000000020000e6e        0x1 CMakeFiles/ssd1306_i2c.dir/home/pc/pico/pico-sdk/src/rp2_common/hardware_timer/timer.c.obj
 *(COMMON)
 *fill*         0x0000000020000e6f        0x1 
 COMMON         0x0000000020000e70        0x4 CMakeFiles/ssd1306_i2c.dir/home/pc/pico/pico-sdk/src/rp2_common/hardware_uart/uart.c.obj
                0x0000000020000e70                uart_char_to_line_feed
 COMMON         0x0000000020000e74      0x100 CMakeFiles/ssd1306_i2c.dir/home/pc/pico/pico-sdk/src/rp2_common/pico_double/double_init_rom.c.obj
                0x0000000020000e74                sd_table
 COMMON         0x0000000020000f74      0x100 CMakeFiles/ssd1306_i2c.dir/home/pc/pico/pico-sdk/src/rp2_common/pico_float/float_init_rom.c.obj
                0x0000000020000f74                sf_table
 COMMON         0x0000000020001074        0x4 /usr/lib/gcc/arm-none-eabi/6.3.1/../../../arm-none-eabi/lib/thumb/v6-m/libc.a(lib_a-reent.o)
                0x0000000020001074                errno
                0x0000000020001078                . = ALIGN (0x4)
                0x0000000020001078                __bss_end__ = .

.heap           0x0000000020001078      0x800
                0x0000000020001078                __end__ = .
                0x0000000020001078                end = __end__
 *(.heap*)
 .heap          0x0000000020001078      0x800 CMakeFiles/ssd1306_i2c.dir/home/pc/pico/pico-sdk/src/rp2_common/pico_standard_link/crt0.S.obj
                0x0000000020001878                __HeapLimit = .

.stack1_dummy   0x0000000020040000        0x0
 *(.stack1*)

.stack_dummy    0x0000000020041000      0x800
 *(.stack*)
 .stack         0x0000000020041000      0x800 CMakeFiles/ssd1306_i2c.dir/home/pc/pico/pico-sdk/src/rp2_common/pico_standard_link/crt0.S.obj

.flash_end      0x0000000010005258        0x0
                0x0000000010005258                PROVIDE (__flash_binary_end, .)
                0x0000000020040000                __StackLimit = (ORIGIN (RAM) + LENGTH (RAM))
                0x0000000020041000                __StackOneTop = (ORIGIN (SCRATCH_X) + LENGTH (SCRATCH_X))
                0x0000000020042000                __StackTop = (ORIGIN (SCRATCH_Y) + LENGTH (SCRATCH_Y))
                0x0000000020041000                __StackOneBottom = (__StackOneTop - SIZEOF (.stack1_dummy))
                0x0000000020041800                __StackBottom = (__StackTop - SIZEOF (.stack_dummy))
                0x0000000020042000                PROVIDE (__stack, __StackTop)
                0x0000000000000001                ASSERT ((__StackLimit >= __HeapLimit), region RAM overflowed)
                0x0000000000000001                ASSERT (((__binary_info_header_end - __logical_binary_start) <= 0x100), Binary info must be in first 256 bytes of the binary)
LOAD CMakeFiles/ssd1306_i2c.dir/ssd1306_i2c.c.obj
LOAD CMakeFiles/ssd1306_i2c.dir/home/pc/pico/pico-sdk/src/rp2_common/pico_stdlib/stdlib.c.obj
LOAD CMakeFiles/ssd1306_i2c.dir/home/pc/pico/pico-sdk/src/rp2_common/hardware_gpio/gpio.c.obj
LOAD CMakeFiles/ssd1306_i2c.dir/home/pc/pico/pico-sdk/src/rp2_common/pico_platform/platform.c.obj
LOAD CMakeFiles/ssd1306_i2c.dir/home/pc/pico/pico-sdk/src/rp2_common/hardware_claim/claim.c.obj
LOAD CMakeFiles/ssd1306_i2c.dir/home/pc/pico/pico-sdk/src/rp2_common/hardware_sync/sync.c.obj
LOAD CMakeFiles/ssd1306_i2c.dir/home/pc/pico/pico-sdk/src/rp2_common/hardware_irq/irq.c.obj
LOAD CMakeFiles/ssd1306_i2c.dir/home/pc/pico/pico-sdk/src/rp2_common/hardware_irq/irq_handler_chain.S.obj
LOAD CMakeFiles/ssd1306_i2c.dir/home/pc/pico/pico-sdk/src/common/pico_sync/sem.c.obj
LOAD CMakeFiles/ssd1306_i2c.dir/home/pc/pico/pico-sdk/src/common/pico_sync/lock_core.c.obj
LOAD CMakeFiles/ssd1306_i2c.dir/home/pc/pico/pico-sdk/src/common/pico_sync/mutex.c.obj
LOAD CMakeFiles/ssd1306_i2c.dir/home/pc/pico/pico-sdk/src/common/pico_sync/critical_section.c.obj
LOAD CMakeFiles/ssd1306_i2c.dir/home/pc/pico/pico-sdk/src/common/pico_time/time.c.obj
LOAD CMakeFiles/ssd1306_i2c.dir/home/pc/pico/pico-sdk/src/common/pico_time/timeout_helper.c.obj
LOAD CMakeFiles/ssd1306_i2c.dir/home/pc/pico/pico-sdk/src/rp2_common/hardware_timer/timer.c.obj
LOAD CMakeFiles/ssd1306_i2c.dir/home/pc/pico/pico-sdk/src/common/pico_util/datetime.c.obj
LOAD CMakeFiles/ssd1306_i2c.dir/home/pc/pico/pico-sdk/src/common/pico_util/pheap.c.obj
LOAD CMakeFiles/ssd1306_i2c.dir/home/pc/pico/pico-sdk/src/common/pico_util/queue.c.obj
LOAD CMakeFiles/ssd1306_i2c.dir/home/pc/pico/pico-sdk/src/rp2_common/hardware_uart/uart.c.obj
LOAD CMakeFiles/ssd1306_i2c.dir/home/pc/pico/pico-sdk/src/rp2_common/hardware_clocks/clocks.c.obj
LOAD CMakeFiles/ssd1306_i2c.dir/home/pc/pico/pico-sdk/src/rp2_common/hardware_pll/pll.c.obj
LOAD CMakeFiles/ssd1306_i2c.dir/home/pc/pico/pico-sdk/src/rp2_common/hardware_vreg/vreg.c.obj
LOAD CMakeFiles/ssd1306_i2c.dir/home/pc/pico/pico-sdk/src/rp2_common/hardware_watchdog/watchdog.c.obj
LOAD CMakeFiles/ssd1306_i2c.dir/home/pc/pico/pico-sdk/src/rp2_common/hardware_xosc/xosc.c.obj
LOAD CMakeFiles/ssd1306_i2c.dir/home/pc/pico/pico-sdk/src/rp2_common/hardware_divider/divider.S.obj
LOAD CMakeFiles/ssd1306_i2c.dir/home/pc/pico/pico-sdk/src/rp2_common/pico_runtime/runtime.c.obj
LOAD CMakeFiles/ssd1306_i2c.dir/home/pc/pico/pico-sdk/src/rp2_common/pico_printf/printf.c.obj
LOAD CMakeFiles/ssd1306_i2c.dir/home/pc/pico/pico-sdk/src/rp2_common/pico_bit_ops/bit_ops_aeabi.S.obj
LOAD CMakeFiles/ssd1306_i2c.dir/home/pc/pico/pico-sdk/src/rp2_common/pico_bootrom/bootrom.c.obj
LOAD CMakeFiles/ssd1306_i2c.dir/home/pc/pico/pico-sdk/src/rp2_common/pico_divider/divider.S.obj
LOAD CMakeFiles/ssd1306_i2c.dir/home/pc/pico/pico-sdk/src/rp2_common/pico_double/double_aeabi.S.obj
LOAD CMakeFiles/ssd1306_i2c.dir/home/pc/pico/pico-sdk/src/rp2_common/pico_double/double_init_rom.c.obj
LOAD CMakeFiles/ssd1306_i2c.dir/home/pc/pico/pico-sdk/src/rp2_common/pico_double/double_math.c.obj
LOAD CMakeFiles/ssd1306_i2c.dir/home/pc/pico/pico-sdk/src/rp2_common/pico_double/double_v1_rom_shim.S.obj
LOAD CMakeFiles/ssd1306_i2c.dir/home/pc/pico/pico-sdk/src/rp2_common/pico_int64_ops/pico_int64_ops_aeabi.S.obj
LOAD CMakeFiles/ssd1306_i2c.dir/home/pc/pico/pico-sdk/src/rp2_common/pico_float/float_aeabi.S.obj
LOAD CMakeFiles/ssd1306_i2c.dir/home/pc/pico/pico-sdk/src/rp2_common/pico_float/float_init_rom.c.obj
LOAD CMakeFiles/ssd1306_i2c.dir/home/pc/pico/pico-sdk/src/rp2_common/pico_float/float_math.c.obj
LOAD CMakeFiles/ssd1306_i2c.dir/home/pc/pico/pico-sdk/src/rp2_common/pico_float/float_v1_rom_shim.S.obj
LOAD CMakeFiles/ssd1306_i2c.dir/home/pc/pico/pico-sdk/src/rp2_common/pico_malloc/pico_malloc.c.obj
LOAD CMakeFiles/ssd1306_i2c.dir/home/pc/pico/pico-sdk/src/rp2_common/pico_mem_ops/mem_ops_aeabi.S.obj
LOAD CMakeFiles/ssd1306_i2c.dir/home/pc/pico/pico-sdk/src/rp2_common/pico_standard_link/crt0.S.obj
LOAD CMakeFiles/ssd1306_i2c.dir/home/pc/pico/pico-sdk/src/rp2_common/pico_standard_link/new_delete.cpp.obj
LOAD CMakeFiles/ssd1306_i2c.dir/home/pc/pico/pico-sdk/src/rp2_common/pico_standard_link/binary_info.c.obj
LOAD CMakeFiles/ssd1306_i2c.dir/home/pc/pico/pico-sdk/src/rp2_common/pico_stdio/stdio.c.obj
LOAD CMakeFiles/ssd1306_i2c.dir/home/pc/pico/pico-sdk/src/rp2_common/pico_stdio_uart/stdio_uart.c.obj
LOAD CMakeFiles/ssd1306_i2c.dir/home/pc/pico/pico-sdk/src/rp2_common/hardware_i2c/i2c.c.obj
LOAD /tmp/ccMalfnC.o
LOAD /usr/lib/gcc/arm-none-eabi/6.3.1/../../../arm-none-eabi/lib/thumb/v6-m/libstdc++.a
LOAD /usr/lib/gcc/arm-none-eabi/6.3.1/../../../arm-none-eabi/lib/thumb/v6-m/libm.a
START GROUP
LOAD /usr/lib/gcc/arm-none-eabi/6.3.1/thumb/v6-m/libgcc.a
LOAD /usr/lib/gcc/arm-none-eabi/6.3.1/../../../arm-none-eabi/lib/thumb/v6-m/libc.a
END GROUP
START GROUP
LOAD /usr/lib/gcc/arm-none-eabi/6.3.1/thumb/v6-m/libgcc.a
LOAD /usr/lib/gcc/arm-none-eabi/6.3.1/../../../arm-none-eabi/lib/thumb/v6-m/libc.a
LOAD /usr/lib/gcc/arm-none-eabi/6.3.1/../../../arm-none-eabi/lib/thumb/v6-m/libnosys.a
END GROUP
LOAD /usr/lib/gcc/arm-none-eabi/6.3.1/thumb/v6-m/crtend.o
LOAD /usr/lib/gcc/arm-none-eabi/6.3.1/thumb/v6-m/crtn.o
OUTPUT(ssd1306_i2c.elf elf32-littlearm)

.ARM.attributes
                0x0000000000000000       0x28
 .ARM.attributes
                0x0000000000000000       0x1e /usr/lib/gcc/arm-none-eabi/6.3.1/thumb/v6-m/crti.o
 .ARM.attributes
                0x000000000000001e       0x2c /usr/lib/gcc/arm-none-eabi/6.3.1/thumb/v6-m/crtbegin.o
 .ARM.attributes
                0x000000000000004a       0x32 CMakeFiles/ssd1306_i2c.dir/ssd1306_i2c.c.obj
 .ARM.attributes
                0x000000000000007c       0x32 CMakeFiles/ssd1306_i2c.dir/home/pc/pico/pico-sdk/src/rp2_common/hardware_gpio/gpio.c.obj
 .ARM.attributes
                0x00000000000000ae       0x32 CMakeFiles/ssd1306_i2c.dir/home/pc/pico/pico-sdk/src/rp2_common/pico_platform/platform.c.obj
 .ARM.attributes
                0x00000000000000e0       0x32 CMakeFiles/ssd1306_i2c.dir/home/pc/pico/pico-sdk/src/rp2_common/hardware_claim/claim.c.obj
 .ARM.attributes
                0x0000000000000112       0x32 CMakeFiles/ssd1306_i2c.dir/home/pc/pico/pico-sdk/src/rp2_common/hardware_sync/sync.c.obj
 .ARM.attributes
                0x0000000000000144       0x32 CMakeFiles/ssd1306_i2c.dir/home/pc/pico/pico-sdk/src/rp2_common/hardware_irq/irq.c.obj
 .ARM.attributes
                0x0000000000000176       0x22 CMakeFiles/ssd1306_i2c.dir/home/pc/pico/pico-sdk/src/rp2_common/hardware_irq/irq_handler_chain.S.obj
 .ARM.attributes
                0x0000000000000198       0x32 CMakeFiles/ssd1306_i2c.dir/home/pc/pico/pico-sdk/src/common/pico_sync/lock_core.c.obj
 .ARM.attributes
                0x00000000000001ca       0x32 CMakeFiles/ssd1306_i2c.dir/home/pc/pico/pico-sdk/src/common/pico_sync/mutex.c.obj
 .ARM.attributes
                0x00000000000001fc       0x32 CMakeFiles/ssd1306_i2c.dir/home/pc/pico/pico-sdk/src/common/pico_time/time.c.obj
 .ARM.attributes
                0x000000000000022e       0x32 CMakeFiles/ssd1306_i2c.dir/home/pc/pico/pico-sdk/src/rp2_common/hardware_timer/timer.c.obj
 .ARM.attributes
                0x0000000000000260       0x32 CMakeFiles/ssd1306_i2c.dir/home/pc/pico/pico-sdk/src/common/pico_util/pheap.c.obj
 .ARM.attributes
                0x0000000000000292       0x32 CMakeFiles/ssd1306_i2c.dir/home/pc/pico/pico-sdk/src/rp2_common/hardware_uart/uart.c.obj
 .ARM.attributes
                0x00000000000002c4       0x32 CMakeFiles/ssd1306_i2c.dir/home/pc/pico/pico-sdk/src/rp2_common/hardware_clocks/clocks.c.obj
 .ARM.attributes
                0x00000000000002f6       0x32 CMakeFiles/ssd1306_i2c.dir/home/pc/pico/pico-sdk/src/rp2_common/hardware_pll/pll.c.obj
 .ARM.attributes
                0x0000000000000328       0x32 CMakeFiles/ssd1306_i2c.dir/home/pc/pico/pico-sdk/src/rp2_common/hardware_watchdog/watchdog.c.obj
 .ARM.attributes
                0x000000000000035a       0x32 CMakeFiles/ssd1306_i2c.dir/home/pc/pico/pico-sdk/src/rp2_common/hardware_xosc/xosc.c.obj
 .ARM.attributes
                0x000000000000038c       0x32 CMakeFiles/ssd1306_i2c.dir/home/pc/pico/pico-sdk/src/rp2_common/pico_runtime/runtime.c.obj
 .ARM.attributes
                0x00000000000003be       0x32 CMakeFiles/ssd1306_i2c.dir/home/pc/pico/pico-sdk/src/rp2_common/pico_printf/printf.c.obj
 .ARM.attributes
                0x00000000000003f0       0x22 CMakeFiles/ssd1306_i2c.dir/home/pc/pico/pico-sdk/src/rp2_common/pico_bit_ops/bit_ops_aeabi.S.obj
 .ARM.attributes
                0x0000000000000412       0x32 CMakeFiles/ssd1306_i2c.dir/home/pc/pico/pico-sdk/src/rp2_common/pico_bootrom/bootrom.c.obj
 .ARM.attributes
                0x0000000000000444       0x22 CMakeFiles/ssd1306_i2c.dir/home/pc/pico/pico-sdk/src/rp2_common/pico_divider/divider.S.obj
 .ARM.attributes
                0x0000000000000466       0x22 CMakeFiles/ssd1306_i2c.dir/home/pc/pico/pico-sdk/src/rp2_common/pico_double/double_aeabi.S.obj
 .ARM.attributes
                0x0000000000000488       0x32 CMakeFiles/ssd1306_i2c.dir/home/pc/pico/pico-sdk/src/rp2_common/pico_double/double_init_rom.c.obj
 .ARM.attributes
                0x00000000000004ba       0x22 CMakeFiles/ssd1306_i2c.dir/home/pc/pico/pico-sdk/src/rp2_common/pico_double/double_v1_rom_shim.S.obj
 .ARM.attributes
                0x00000000000004dc       0x22 CMakeFiles/ssd1306_i2c.dir/home/pc/pico/pico-sdk/src/rp2_common/pico_int64_ops/pico_int64_ops_aeabi.S.obj
 .ARM.attributes
                0x00000000000004fe       0x22 CMakeFiles/ssd1306_i2c.dir/home/pc/pico/pico-sdk/src/rp2_common/pico_float/float_aeabi.S.obj
 .ARM.attributes
                0x0000000000000520       0x32 CMakeFiles/ssd1306_i2c.dir/home/pc/pico/pico-sdk/src/rp2_common/pico_float/float_init_rom.c.obj
 .ARM.attributes
                0x0000000000000552       0x22 CMakeFiles/ssd1306_i2c.dir/home/pc/pico/pico-sdk/src/rp2_common/pico_float/float_v1_rom_shim.S.obj
 .ARM.attributes
                0x0000000000000574       0x32 CMakeFiles/ssd1306_i2c.dir/home/pc/pico/pico-sdk/src/rp2_common/pico_malloc/pico_malloc.c.obj
 .ARM.attributes
                0x00000000000005a6       0x22 CMakeFiles/ssd1306_i2c.dir/home/pc/pico/pico-sdk/src/rp2_common/pico_mem_ops/mem_ops_aeabi.S.obj
 .ARM.attributes
                0x00000000000005c8       0x22 CMakeFiles/ssd1306_i2c.dir/home/pc/pico/pico-sdk/src/rp2_common/pico_standard_link/crt0.S.obj
 .ARM.attributes
                0x00000000000005ea       0x32 CMakeFiles/ssd1306_i2c.dir/home/pc/pico/pico-sdk/src/rp2_common/pico_standard_link/binary_info.c.obj
 .ARM.attributes
                0x000000000000061c       0x32 CMakeFiles/ssd1306_i2c.dir/home/pc/pico/pico-sdk/src/rp2_common/pico_stdio/stdio.c.obj
 .ARM.attributes
                0x000000000000064e       0x32 CMakeFiles/ssd1306_i2c.dir/home/pc/pico/pico-sdk/src/rp2_common/pico_stdio_uart/stdio_uart.c.obj
 .ARM.attributes
                0x0000000000000680       0x32 CMakeFiles/ssd1306_i2c.dir/home/pc/pico/pico-sdk/src/rp2_common/hardware_i2c/i2c.c.obj
 .ARM.attributes
                0x00000000000006b2       0x22 /tmp/ccMalfnC.o
 .ARM.attributes
                0x00000000000006d4       0x1e /usr/lib/gcc/arm-none-eabi/6.3.1/thumb/v6-m/libgcc.a(_dvmd_tls.o)
 .ARM.attributes
                0x00000000000006f2       0x2c /usr/lib/gcc/arm-none-eabi/6.3.1/../../../arm-none-eabi/lib/thumb/v6-m/libc.a(lib_a-ctype_.o)
 .ARM.attributes
                0x000000000000071e       0x2c /usr/lib/gcc/arm-none-eabi/6.3.1/../../../arm-none-eabi/lib/thumb/v6-m/libc.a(lib_a-impure.o)
 .ARM.attributes
                0x000000000000074a       0x2c /usr/lib/gcc/arm-none-eabi/6.3.1/../../../arm-none-eabi/lib/thumb/v6-m/libc.a(lib_a-malloc.o)
 .ARM.attributes
                0x0000000000000776       0x2c /usr/lib/gcc/arm-none-eabi/6.3.1/../../../arm-none-eabi/lib/thumb/v6-m/libc.a(lib_a-mallocr.o)
 .ARM.attributes
                0x00000000000007a2       0x2c /usr/lib/gcc/arm-none-eabi/6.3.1/../../../arm-none-eabi/lib/thumb/v6-m/libc.a(lib_a-mlock.o)
 .ARM.attributes
                0x00000000000007ce       0x2c /usr/lib/gcc/arm-none-eabi/6.3.1/../../../arm-none-eabi/lib/thumb/v6-m/libc.a(lib_a-sbrkr.o)
 .ARM.attributes
                0x00000000000007fa       0x2c /usr/lib/gcc/arm-none-eabi/6.3.1/../../../arm-none-eabi/lib/thumb/v6-m/libc.a(lib_a-strlen-stub.o)
 .ARM.attributes
                0x0000000000000826       0x2c /usr/lib/gcc/arm-none-eabi/6.3.1/../../../arm-none-eabi/lib/thumb/v6-m/libc.a(lib_a-wbuf.o)
 .ARM.attributes
                0x0000000000000852       0x2c /usr/lib/gcc/arm-none-eabi/6.3.1/../../../arm-none-eabi/lib/thumb/v6-m/libc.a(lib_a-wsetup.o)
 .ARM.attributes
                0x000000000000087e       0x2c /usr/lib/gcc/arm-none-eabi/6.3.1/../../../arm-none-eabi/lib/thumb/v6-m/libc.a(lib_a-fflush.o)
 .ARM.attributes
                0x00000000000008aa       0x2c /usr/lib/gcc/arm-none-eabi/6.3.1/../../../arm-none-eabi/lib/thumb/v6-m/libc.a(lib_a-findfp.o)
 .ARM.attributes
                0x00000000000008d6       0x2c /usr/lib/gcc/arm-none-eabi/6.3.1/../../../arm-none-eabi/lib/thumb/v6-m/libc.a(lib_a-freer.o)
 .ARM.attributes
                0x0000000000000902       0x2c /usr/lib/gcc/arm-none-eabi/6.3.1/../../../arm-none-eabi/lib/thumb/v6-m/libc.a(lib_a-fwalk.o)
 .ARM.attributes
                0x000000000000092e       0x2c /usr/lib/gcc/arm-none-eabi/6.3.1/../../../arm-none-eabi/lib/thumb/v6-m/libc.a(lib_a-makebuf.o)
 .ARM.attributes
                0x000000000000095a       0x2c /usr/lib/gcc/arm-none-eabi/6.3.1/../../../arm-none-eabi/lib/thumb/v6-m/libc.a(lib_a-reent.o)
 .ARM.attributes
                0x0000000000000986       0x2c /usr/lib/gcc/arm-none-eabi/6.3.1/../../../arm-none-eabi/lib/thumb/v6-m/libc.a(lib_a-stdio.o)
 .ARM.attributes
                0x00000000000009b2       0x2c /usr/lib/gcc/arm-none-eabi/6.3.1/../../../arm-none-eabi/lib/thumb/v6-m/libc.a(lib_a-writer.o)
 .ARM.attributes
                0x00000000000009de       0x2c /usr/lib/gcc/arm-none-eabi/6.3.1/../../../arm-none-eabi/lib/thumb/v6-m/libc.a(lib_a-closer.o)
 .ARM.attributes
                0x0000000000000a0a       0x2c /usr/lib/gcc/arm-none-eabi/6.3.1/../../../arm-none-eabi/lib/thumb/v6-m/libc.a(lib_a-fclose.o)
 .ARM.attributes
                0x0000000000000a36       0x2c /usr/lib/gcc/arm-none-eabi/6.3.1/../../../arm-none-eabi/lib/thumb/v6-m/libc.a(lib_a-fstatr.o)
 .ARM.attributes
                0x0000000000000a62       0x2c /usr/lib/gcc/arm-none-eabi/6.3.1/../../../arm-none-eabi/lib/thumb/v6-m/libc.a(lib_a-isattyr.o)
 .ARM.attributes
                0x0000000000000a8e       0x2c /usr/lib/gcc/arm-none-eabi/6.3.1/../../../arm-none-eabi/lib/thumb/v6-m/libc.a(lib_a-lseekr.o)
 .ARM.attributes
                0x0000000000000aba       0x2c /usr/lib/gcc/arm-none-eabi/6.3.1/../../../arm-none-eabi/lib/thumb/v6-m/libc.a(lib_a-readr.o)
 .ARM.attributes
                0x0000000000000ae6       0x2c /usr/lib/gcc/arm-none-eabi/6.3.1/thumb/v6-m/crtend.o

.comment        0x0000000000000000       0x31
 .comment       0x0000000000000000       0x31 /usr/lib/gcc/arm-none-eabi/6.3.1/thumb/v6-m/crtbegin.o
                                         0x32 (size before relaxing)
 .comment       0x0000000000000031       0x32 CMakeFiles/ssd1306_i2c.dir/ssd1306_i2c.c.obj
 .comment       0x0000000000000031       0x32 CMakeFiles/ssd1306_i2c.dir/home/pc/pico/pico-sdk/src/rp2_common/hardware_gpio/gpio.c.obj
 .comment       0x0000000000000031       0x32 CMakeFiles/ssd1306_i2c.dir/home/pc/pico/pico-sdk/src/rp2_common/pico_platform/platform.c.obj
 .comment       0x0000000000000031       0x32 CMakeFiles/ssd1306_i2c.dir/home/pc/pico/pico-sdk/src/rp2_common/hardware_claim/claim.c.obj
 .comment       0x0000000000000031       0x32 CMakeFiles/ssd1306_i2c.dir/home/pc/pico/pico-sdk/src/rp2_common/hardware_sync/sync.c.obj
 .comment       0x0000000000000031       0x32 CMakeFiles/ssd1306_i2c.dir/home/pc/pico/pico-sdk/src/rp2_common/hardware_irq/irq.c.obj
 .comment       0x0000000000000031       0x32 CMakeFiles/ssd1306_i2c.dir/home/pc/pico/pico-sdk/src/common/pico_sync/lock_core.c.obj
 .comment       0x0000000000000031       0x32 CMakeFiles/ssd1306_i2c.dir/home/pc/pico/pico-sdk/src/common/pico_sync/mutex.c.obj
 .comment       0x0000000000000031       0x32 CMakeFiles/ssd1306_i2c.dir/home/pc/pico/pico-sdk/src/common/pico_time/time.c.obj
 .comment       0x0000000000000031       0x32 CMakeFiles/ssd1306_i2c.dir/home/pc/pico/pico-sdk/src/rp2_common/hardware_timer/timer.c.obj
 .comment       0x0000000000000031       0x32 CMakeFiles/ssd1306_i2c.dir/home/pc/pico/pico-sdk/src/common/pico_util/pheap.c.obj
 .comment       0x0000000000000031       0x32 CMakeFiles/ssd1306_i2c.dir/home/pc/pico/pico-sdk/src/rp2_common/hardware_uart/uart.c.obj
 .comment       0x0000000000000031       0x32 CMakeFiles/ssd1306_i2c.dir/home/pc/pico/pico-sdk/src/rp2_common/hardware_clocks/clocks.c.obj
 .comment       0x0000000000000031       0x32 CMakeFiles/ssd1306_i2c.dir/home/pc/pico/pico-sdk/src/rp2_common/hardware_pll/pll.c.obj
 .comment       0x0000000000000031       0x32 CMakeFiles/ssd1306_i2c.dir/home/pc/pico/pico-sdk/src/rp2_common/hardware_watchdog/watchdog.c.obj
 .comment       0x0000000000000031       0x32 CMakeFiles/ssd1306_i2c.dir/home/pc/pico/pico-sdk/src/rp2_common/hardware_xosc/xosc.c.obj
 .comment       0x0000000000000031       0x32 CMakeFiles/ssd1306_i2c.dir/home/pc/pico/pico-sdk/src/rp2_common/pico_runtime/runtime.c.obj
 .comment       0x0000000000000031       0x32 CMakeFiles/ssd1306_i2c.dir/home/pc/pico/pico-sdk/src/rp2_common/pico_printf/printf.c.obj
 .comment       0x0000000000000031       0x32 CMakeFiles/ssd1306_i2c.dir/home/pc/pico/pico-sdk/src/rp2_common/pico_bootrom/bootrom.c.obj
 .comment       0x0000000000000031       0x32 CMakeFiles/ssd1306_i2c.dir/home/pc/pico/pico-sdk/src/rp2_common/pico_double/double_init_rom.c.obj
 .comment       0x0000000000000031       0x32 CMakeFiles/ssd1306_i2c.dir/home/pc/pico/pico-sdk/src/rp2_common/pico_float/float_init_rom.c.obj
 .comment       0x0000000000000031       0x32 CMakeFiles/ssd1306_i2c.dir/home/pc/pico/pico-sdk/src/rp2_common/pico_malloc/pico_malloc.c.obj
 .comment       0x0000000000000031       0x32 CMakeFiles/ssd1306_i2c.dir/home/pc/pico/pico-sdk/src/rp2_common/pico_standard_link/binary_info.c.obj
 .comment       0x0000000000000031       0x32 CMakeFiles/ssd1306_i2c.dir/home/pc/pico/pico-sdk/src/rp2_common/pico_stdio/stdio.c.obj
 .comment       0x0000000000000031       0x32 CMakeFiles/ssd1306_i2c.dir/home/pc/pico/pico-sdk/src/rp2_common/pico_stdio_uart/stdio_uart.c.obj
 .comment       0x0000000000000031       0x32 CMakeFiles/ssd1306_i2c.dir/home/pc/pico/pico-sdk/src/rp2_common/hardware_i2c/i2c.c.obj
 .comment       0x0000000000000031       0x32 /usr/lib/gcc/arm-none-eabi/6.3.1/../../../arm-none-eabi/lib/thumb/v6-m/libc.a(lib_a-ctype_.o)
 .comment       0x0000000000000031       0x32 /usr/lib/gcc/arm-none-eabi/6.3.1/../../../arm-none-eabi/lib/thumb/v6-m/libc.a(lib_a-impure.o)
 .comment       0x0000000000000031       0x32 /usr/lib/gcc/arm-none-eabi/6.3.1/../../../arm-none-eabi/lib/thumb/v6-m/libc.a(lib_a-malloc.o)
 .comment       0x0000000000000031       0x32 /usr/lib/gcc/arm-none-eabi/6.3.1/../../../arm-none-eabi/lib/thumb/v6-m/libc.a(lib_a-mallocr.o)
 .comment       0x0000000000000031       0x32 /usr/lib/gcc/arm-none-eabi/6.3.1/../../../arm-none-eabi/lib/thumb/v6-m/libc.a(lib_a-mlock.o)
 .comment       0x0000000000000031       0x32 /usr/lib/gcc/arm-none-eabi/6.3.1/../../../arm-none-eabi/lib/thumb/v6-m/libc.a(lib_a-sbrkr.o)
 .comment       0x0000000000000031       0x32 /usr/lib/gcc/arm-none-eabi/6.3.1/../../../arm-none-eabi/lib/thumb/v6-m/libc.a(lib_a-strlen-stub.o)
 .comment       0x0000000000000031       0x32 /usr/lib/gcc/arm-none-eabi/6.3.1/../../../arm-none-eabi/lib/thumb/v6-m/libc.a(lib_a-wbuf.o)
 .comment       0x0000000000000031       0x32 /usr/lib/gcc/arm-none-eabi/6.3.1/../../../arm-none-eabi/lib/thumb/v6-m/libc.a(lib_a-wsetup.o)
 .comment       0x0000000000000031       0x32 /usr/lib/gcc/arm-none-eabi/6.3.1/../../../arm-none-eabi/lib/thumb/v6-m/libc.a(lib_a-fflush.o)
 .comment       0x0000000000000031       0x32 /usr/lib/gcc/arm-none-eabi/6.3.1/../../../arm-none-eabi/lib/thumb/v6-m/libc.a(lib_a-findfp.o)
 .comment       0x0000000000000031       0x32 /usr/lib/gcc/arm-none-eabi/6.3.1/../../../arm-none-eabi/lib/thumb/v6-m/libc.a(lib_a-freer.o)
 .comment       0x0000000000000031       0x32 /usr/lib/gcc/arm-none-eabi/6.3.1/../../../arm-none-eabi/lib/thumb/v6-m/libc.a(lib_a-fwalk.o)
 .comment       0x0000000000000031       0x32 /usr/lib/gcc/arm-none-eabi/6.3.1/../../../arm-none-eabi/lib/thumb/v6-m/libc.a(lib_a-makebuf.o)
 .comment       0x0000000000000031       0x32 /usr/lib/gcc/arm-none-eabi/6.3.1/../../../arm-none-eabi/lib/thumb/v6-m/libc.a(lib_a-reent.o)
 .comment       0x0000000000000031       0x32 /usr/lib/gcc/arm-none-eabi/6.3.1/../../../arm-none-eabi/lib/thumb/v6-m/libc.a(lib_a-stdio.o)
 .comment       0x0000000000000031       0x32 /usr/lib/gcc/arm-none-eabi/6.3.1/../../../arm-none-eabi/lib/thumb/v6-m/libc.a(lib_a-writer.o)
 .comment       0x0000000000000031       0x32 /usr/lib/gcc/arm-none-eabi/6.3.1/../../../arm-none-eabi/lib/thumb/v6-m/libc.a(lib_a-closer.o)
 .comment       0x0000000000000031       0x32 /usr/lib/gcc/arm-none-eabi/6.3.1/../../../arm-none-eabi/lib/thumb/v6-m/libc.a(lib_a-fclose.o)
 .comment       0x0000000000000031       0x32 /usr/lib/gcc/arm-none-eabi/6.3.1/../../../arm-none-eabi/lib/thumb/v6-m/libc.a(lib_a-fstatr.o)
 .comment       0x0000000000000031       0x32 /usr/lib/gcc/arm-none-eabi/6.3.1/../../../arm-none-eabi/lib/thumb/v6-m/libc.a(lib_a-isattyr.o)
 .comment       0x0000000000000031       0x32 /usr/lib/gcc/arm-none-eabi/6.3.1/../../../arm-none-eabi/lib/thumb/v6-m/libc.a(lib_a-lseekr.o)
 .comment       0x0000000000000031       0x32 /usr/lib/gcc/arm-none-eabi/6.3.1/../../../arm-none-eabi/lib/thumb/v6-m/libc.a(lib_a-readr.o)
 .comment       0x0000000000000031       0x32 /usr/lib/gcc/arm-none-eabi/6.3.1/thumb/v6-m/crtend.o

.debug_line     0x0000000000000000     0x267f
 .debug_line    0x0000000000000000       0x61 /usr/lib/gcc/arm-none-eabi/6.3.1/thumb/v6-m/libgcc.a(_dvmd_tls.o)
 .debug_line    0x0000000000000061       0x67 /usr/lib/gcc/arm-none-eabi/6.3.1/../../../arm-none-eabi/lib/thumb/v6-m/libc.a(lib_a-ctype_.o)
 .debug_line    0x00000000000000c8       0xe9 /usr/lib/gcc/arm-none-eabi/6.3.1/../../../arm-none-eabi/lib/thumb/v6-m/libc.a(lib_a-impure.o)
 .debug_line    0x00000000000001b1      0x15a /usr/lib/gcc/arm-none-eabi/6.3.1/../../../arm-none-eabi/lib/thumb/v6-m/libc.a(lib_a-malloc.o)
 .debug_line    0x000000000000030b      0x38b /usr/lib/gcc/arm-none-eabi/6.3.1/../../../arm-none-eabi/lib/thumb/v6-m/libc.a(lib_a-mallocr.o)
 .debug_line    0x0000000000000696       0xf9 /usr/lib/gcc/arm-none-eabi/6.3.1/../../../arm-none-eabi/lib/thumb/v6-m/libc.a(lib_a-mlock.o)
 .debug_line    0x000000000000078f      0x15b /usr/lib/gcc/arm-none-eabi/6.3.1/../../../arm-none-eabi/lib/thumb/v6-m/libc.a(lib_a-sbrkr.o)
 .debug_line    0x00000000000008ea      0x170 /usr/lib/gcc/arm-none-eabi/6.3.1/../../../arm-none-eabi/lib/thumb/v6-m/libc.a(lib_a-strlen-stub.o)
 .debug_line    0x0000000000000a5a      0x1d7 /usr/lib/gcc/arm-none-eabi/6.3.1/../../../arm-none-eabi/lib/thumb/v6-m/libc.a(lib_a-wbuf.o)
 .debug_line    0x0000000000000c31      0x1dd /usr/lib/gcc/arm-none-eabi/6.3.1/../../../arm-none-eabi/lib/thumb/v6-m/libc.a(lib_a-wsetup.o)
 .debug_line    0x0000000000000e0e      0x23b /usr/lib/gcc/arm-none-eabi/6.3.1/../../../arm-none-eabi/lib/thumb/v6-m/libc.a(lib_a-fflush.o)
 .debug_line    0x0000000000001049      0x28a /usr/lib/gcc/arm-none-eabi/6.3.1/../../../arm-none-eabi/lib/thumb/v6-m/libc.a(lib_a-findfp.o)
 .debug_line    0x00000000000012d3      0x236 /usr/lib/gcc/arm-none-eabi/6.3.1/../../../arm-none-eabi/lib/thumb/v6-m/libc.a(lib_a-freer.o)
 .debug_line    0x0000000000001509      0x1b9 /usr/lib/gcc/arm-none-eabi/6.3.1/../../../arm-none-eabi/lib/thumb/v6-m/libc.a(lib_a-fwalk.o)
 .debug_line    0x00000000000016c2      0x24f /usr/lib/gcc/arm-none-eabi/6.3.1/../../../arm-none-eabi/lib/thumb/v6-m/libc.a(lib_a-makebuf.o)
 .debug_line    0x0000000000001911      0x17a /usr/lib/gcc/arm-none-eabi/6.3.1/../../../arm-none-eabi/lib/thumb/v6-m/libc.a(lib_a-reent.o)
 .debug_line    0x0000000000001a8b      0x1b1 /usr/lib/gcc/arm-none-eabi/6.3.1/../../../arm-none-eabi/lib/thumb/v6-m/libc.a(lib_a-stdio.o)
 .debug_line    0x0000000000001c3c      0x159 /usr/lib/gcc/arm-none-eabi/6.3.1/../../../arm-none-eabi/lib/thumb/v6-m/libc.a(lib_a-writer.o)
 .debug_line    0x0000000000001d95      0x15d /usr/lib/gcc/arm-none-eabi/6.3.1/../../../arm-none-eabi/lib/thumb/v6-m/libc.a(lib_a-closer.o)
 .debug_line    0x0000000000001ef2      0x199 /usr/lib/gcc/arm-none-eabi/6.3.1/../../../arm-none-eabi/lib/thumb/v6-m/libc.a(lib_a-fclose.o)
 .debug_line    0x000000000000208b      0x1e5 /usr/lib/gcc/arm-none-eabi/6.3.1/../../../arm-none-eabi/lib/thumb/v6-m/libc.a(lib_a-fstatr.o)
 .debug_line    0x0000000000002270      0x15e /usr/lib/gcc/arm-none-eabi/6.3.1/../../../arm-none-eabi/lib/thumb/v6-m/libc.a(lib_a-isattyr.o)
 .debug_line    0x00000000000023ce      0x159 /usr/lib/gcc/arm-none-eabi/6.3.1/../../../arm-none-eabi/lib/thumb/v6-m/libc.a(lib_a-lseekr.o)
 .debug_line    0x0000000000002527      0x158 /usr/lib/gcc/arm-none-eabi/6.3.1/../../../arm-none-eabi/lib/thumb/v6-m/libc.a(lib_a-readr.o)

.debug_info     0x0000000000000000     0xf43b
 .debug_info    0x0000000000000000       0xbf /usr/lib/gcc/arm-none-eabi/6.3.1/thumb/v6-m/libgcc.a(_dvmd_tls.o)
 .debug_info    0x00000000000000bf       0xc0 /usr/lib/gcc/arm-none-eabi/6.3.1/../../../arm-none-eabi/lib/thumb/v6-m/libc.a(lib_a-ctype_.o)
 .debug_info    0x000000000000017f      0x8a5 /usr/lib/gcc/arm-none-eabi/6.3.1/../../../arm-none-eabi/lib/thumb/v6-m/libc.a(lib_a-impure.o)
 .debug_info    0x0000000000000a24      0x922 /usr/lib/gcc/arm-none-eabi/6.3.1/../../../arm-none-eabi/lib/thumb/v6-m/libc.a(lib_a-malloc.o)
 .debug_info    0x0000000000001346      0xdd4 /usr/lib/gcc/arm-none-eabi/6.3.1/../../../arm-none-eabi/lib/thumb/v6-m/libc.a(lib_a-mallocr.o)
 .debug_info    0x000000000000211a      0x8d8 /usr/lib/gcc/arm-none-eabi/6.3.1/../../../arm-none-eabi/lib/thumb/v6-m/libc.a(lib_a-mlock.o)
 .debug_info    0x00000000000029f2      0x95a /usr/lib/gcc/arm-none-eabi/6.3.1/../../../arm-none-eabi/lib/thumb/v6-m/libc.a(lib_a-sbrkr.o)
 .debug_info    0x000000000000334c      0x8de /usr/lib/gcc/arm-none-eabi/6.3.1/../../../arm-none-eabi/lib/thumb/v6-m/libc.a(lib_a-strlen-stub.o)
 .debug_info    0x0000000000003c2a      0xbce /usr/lib/gcc/arm-none-eabi/6.3.1/../../../arm-none-eabi/lib/thumb/v6-m/libc.a(lib_a-wbuf.o)
 .debug_info    0x00000000000047f8      0xb46 /usr/lib/gcc/arm-none-eabi/6.3.1/../../../arm-none-eabi/lib/thumb/v6-m/libc.a(lib_a-wsetup.o)
 .debug_info    0x000000000000533e      0xc9d /usr/lib/gcc/arm-none-eabi/6.3.1/../../../arm-none-eabi/lib/thumb/v6-m/libc.a(lib_a-fflush.o)
 .debug_info    0x0000000000005fdb      0xfa1 /usr/lib/gcc/arm-none-eabi/6.3.1/../../../arm-none-eabi/lib/thumb/v6-m/libc.a(lib_a-findfp.o)
 .debug_info    0x0000000000006f7c      0xc93 /usr/lib/gcc/arm-none-eabi/6.3.1/../../../arm-none-eabi/lib/thumb/v6-m/libc.a(lib_a-freer.o)
 .debug_info    0x0000000000007c0f      0xbcc /usr/lib/gcc/arm-none-eabi/6.3.1/../../../arm-none-eabi/lib/thumb/v6-m/libc.a(lib_a-fwalk.o)
 .debug_info    0x00000000000087db      0xe45 /usr/lib/gcc/arm-none-eabi/6.3.1/../../../arm-none-eabi/lib/thumb/v6-m/libc.a(lib_a-makebuf.o)
 .debug_info    0x0000000000009620      0xa15 /usr/lib/gcc/arm-none-eabi/6.3.1/../../../arm-none-eabi/lib/thumb/v6-m/libc.a(lib_a-reent.o)
 .debug_info    0x000000000000a035      0xd55 /usr/lib/gcc/arm-none-eabi/6.3.1/../../../arm-none-eabi/lib/thumb/v6-m/libc.a(lib_a-stdio.o)
 .debug_info    0x000000000000ad8a      0x999 /usr/lib/gcc/arm-none-eabi/6.3.1/../../../arm-none-eabi/lib/thumb/v6-m/libc.a(lib_a-writer.o)
 .debug_info    0x000000000000b723      0x950 /usr/lib/gcc/arm-none-eabi/6.3.1/../../../arm-none-eabi/lib/thumb/v6-m/libc.a(lib_a-closer.o)
 .debug_info    0x000000000000c073      0xc08 /usr/lib/gcc/arm-none-eabi/6.3.1/../../../arm-none-eabi/lib/thumb/v6-m/libc.a(lib_a-fclose.o)
 .debug_info    0x000000000000cc7b      0xb62 /usr/lib/gcc/arm-none-eabi/6.3.1/../../../arm-none-eabi/lib/thumb/v6-m/libc.a(lib_a-fstatr.o)
 .debug_info    0x000000000000d7dd      0x950 /usr/lib/gcc/arm-none-eabi/6.3.1/../../../arm-none-eabi/lib/thumb/v6-m/libc.a(lib_a-isattyr.o)
 .debug_info    0x000000000000e12d      0x97c /usr/lib/gcc/arm-none-eabi/6.3.1/../../../arm-none-eabi/lib/thumb/v6-m/libc.a(lib_a-lseekr.o)
 .debug_info    0x000000000000eaa9      0x992 /usr/lib/gcc/arm-none-eabi/6.3.1/../../../arm-none-eabi/lib/thumb/v6-m/libc.a(lib_a-readr.o)

.debug_abbrev   0x0000000000000000     0x322d
 .debug_abbrev  0x0000000000000000       0x14 /usr/lib/gcc/arm-none-eabi/6.3.1/thumb/v6-m/libgcc.a(_dvmd_tls.o)
 .debug_abbrev  0x0000000000000014       0x5e /usr/lib/gcc/arm-none-eabi/6.3.1/../../../arm-none-eabi/lib/thumb/v6-m/libc.a(lib_a-ctype_.o)
 .debug_abbrev  0x0000000000000072      0x189 /usr/lib/gcc/arm-none-eabi/6.3.1/../../../arm-none-eabi/lib/thumb/v6-m/libc.a(lib_a-impure.o)
 .debug_abbrev  0x00000000000001fb      0x1f3 /usr/lib/gcc/arm-none-eabi/6.3.1/../../../arm-none-eabi/lib/thumb/v6-m/libc.a(lib_a-malloc.o)
 .debug_abbrev  0x00000000000003ee      0x2b9 /usr/lib/gcc/arm-none-eabi/6.3.1/../../../arm-none-eabi/lib/thumb/v6-m/libc.a(lib_a-mallocr.o)
 .debug_abbrev  0x00000000000006a7      0x1ca /usr/lib/gcc/arm-none-eabi/6.3.1/../../../arm-none-eabi/lib/thumb/v6-m/libc.a(lib_a-mlock.o)
 .debug_abbrev  0x0000000000000871      0x20c /usr/lib/gcc/arm-none-eabi/6.3.1/../../../arm-none-eabi/lib/thumb/v6-m/libc.a(lib_a-sbrkr.o)
 .debug_abbrev  0x0000000000000a7d      0x1af /usr/lib/gcc/arm-none-eabi/6.3.1/../../../arm-none-eabi/lib/thumb/v6-m/libc.a(lib_a-strlen-stub.o)
 .debug_abbrev  0x0000000000000c2c      0x26b /usr/lib/gcc/arm-none-eabi/6.3.1/../../../arm-none-eabi/lib/thumb/v6-m/libc.a(lib_a-wbuf.o)
 .debug_abbrev  0x0000000000000e97      0x240 /usr/lib/gcc/arm-none-eabi/6.3.1/../../../arm-none-eabi/lib/thumb/v6-m/libc.a(lib_a-wsetup.o)
 .debug_abbrev  0x00000000000010d7      0x2c1 /usr/lib/gcc/arm-none-eabi/6.3.1/../../../arm-none-eabi/lib/thumb/v6-m/libc.a(lib_a-fflush.o)
 .debug_abbrev  0x0000000000001398      0x38f /usr/lib/gcc/arm-none-eabi/6.3.1/../../../arm-none-eabi/lib/thumb/v6-m/libc.a(lib_a-findfp.o)
 .debug_abbrev  0x0000000000001727      0x26a /usr/lib/gcc/arm-none-eabi/6.3.1/../../../arm-none-eabi/lib/thumb/v6-m/libc.a(lib_a-freer.o)
 .debug_abbrev  0x0000000000001991      0x20a /usr/lib/gcc/arm-none-eabi/6.3.1/../../../arm-none-eabi/lib/thumb/v6-m/libc.a(lib_a-fwalk.o)
 .debug_abbrev  0x0000000000001b9b      0x2dd /usr/lib/gcc/arm-none-eabi/6.3.1/../../../arm-none-eabi/lib/thumb/v6-m/libc.a(lib_a-makebuf.o)
 .debug_abbrev  0x0000000000001e78      0x25f /usr/lib/gcc/arm-none-eabi/6.3.1/../../../arm-none-eabi/lib/thumb/v6-m/libc.a(lib_a-reent.o)
 .debug_abbrev  0x00000000000020d7      0x252 /usr/lib/gcc/arm-none-eabi/6.3.1/../../../arm-none-eabi/lib/thumb/v6-m/libc.a(lib_a-stdio.o)
 .debug_abbrev  0x0000000000002329      0x20c /usr/lib/gcc/arm-none-eabi/6.3.1/../../../arm-none-eabi/lib/thumb/v6-m/libc.a(lib_a-writer.o)
 .debug_abbrev  0x0000000000002535      0x207 /usr/lib/gcc/arm-none-eabi/6.3.1/../../../arm-none-eabi/lib/thumb/v6-m/libc.a(lib_a-closer.o)
 .debug_abbrev  0x000000000000273c      0x2b7 /usr/lib/gcc/arm-none-eabi/6.3.1/../../../arm-none-eabi/lib/thumb/v6-m/libc.a(lib_a-fclose.o)
 .debug_abbrev  0x00000000000029f3      0x216 /usr/lib/gcc/arm-none-eabi/6.3.1/../../../arm-none-eabi/lib/thumb/v6-m/libc.a(lib_a-fstatr.o)
 .debug_abbrev  0x0000000000002c09      0x207 /usr/lib/gcc/arm-none-eabi/6.3.1/../../../arm-none-eabi/lib/thumb/v6-m/libc.a(lib_a-isattyr.o)
 .debug_abbrev  0x0000000000002e10      0x216 /usr/lib/gcc/arm-none-eabi/6.3.1/../../../arm-none-eabi/lib/thumb/v6-m/libc.a(lib_a-lseekr.o)
 .debug_abbrev  0x0000000000003026      0x207 /usr/lib/gcc/arm-none-eabi/6.3.1/../../../arm-none-eabi/lib/thumb/v6-m/libc.a(lib_a-readr.o)

.debug_aranges  0x0000000000000000      0x2f0
 .debug_aranges
                0x0000000000000000       0x20 /usr/lib/gcc/arm-none-eabi/6.3.1/thumb/v6-m/libgcc.a(_dvmd_tls.o)
 .debug_aranges
                0x0000000000000020       0x18 /usr/lib/gcc/arm-none-eabi/6.3.1/../../../arm-none-eabi/lib/thumb/v6-m/libc.a(lib_a-ctype_.o)
 .debug_aranges
                0x0000000000000038       0x18 /usr/lib/gcc/arm-none-eabi/6.3.1/../../../arm-none-eabi/lib/thumb/v6-m/libc.a(lib_a-impure.o)
 .debug_aranges
                0x0000000000000050       0x20 /usr/lib/gcc/arm-none-eabi/6.3.1/../../../arm-none-eabi/lib/thumb/v6-m/libc.a(lib_a-malloc.o)
 .debug_aranges
                0x0000000000000070       0x20 /usr/lib/gcc/arm-none-eabi/6.3.1/../../../arm-none-eabi/lib/thumb/v6-m/libc.a(lib_a-mallocr.o)
 .debug_aranges
                0x0000000000000090       0x20 /usr/lib/gcc/arm-none-eabi/6.3.1/../../../arm-none-eabi/lib/thumb/v6-m/libc.a(lib_a-mlock.o)
 .debug_aranges
                0x00000000000000b0       0x20 /usr/lib/gcc/arm-none-eabi/6.3.1/../../../arm-none-eabi/lib/thumb/v6-m/libc.a(lib_a-sbrkr.o)
 .debug_aranges
                0x00000000000000d0       0x20 /usr/lib/gcc/arm-none-eabi/6.3.1/../../../arm-none-eabi/lib/thumb/v6-m/libc.a(lib_a-strlen-stub.o)
 .debug_aranges
                0x00000000000000f0       0x20 /usr/lib/gcc/arm-none-eabi/6.3.1/../../../arm-none-eabi/lib/thumb/v6-m/libc.a(lib_a-wbuf.o)
 .debug_aranges
                0x0000000000000110       0x20 /usr/lib/gcc/arm-none-eabi/6.3.1/../../../arm-none-eabi/lib/thumb/v6-m/libc.a(lib_a-wsetup.o)
 .debug_aranges
                0x0000000000000130       0x20 /usr/lib/gcc/arm-none-eabi/6.3.1/../../../arm-none-eabi/lib/thumb/v6-m/libc.a(lib_a-fflush.o)
 .debug_aranges
                0x0000000000000150       0x20 /usr/lib/gcc/arm-none-eabi/6.3.1/../../../arm-none-eabi/lib/thumb/v6-m/libc.a(lib_a-findfp.o)
 .debug_aranges
                0x0000000000000170       0x20 /usr/lib/gcc/arm-none-eabi/6.3.1/../../../arm-none-eabi/lib/thumb/v6-m/libc.a(lib_a-freer.o)
 .debug_aranges
                0x0000000000000190       0x20 /usr/lib/gcc/arm-none-eabi/6.3.1/../../../arm-none-eabi/lib/thumb/v6-m/libc.a(lib_a-fwalk.o)
 .debug_aranges
                0x00000000000001b0       0x20 /usr/lib/gcc/arm-none-eabi/6.3.1/../../../arm-none-eabi/lib/thumb/v6-m/libc.a(lib_a-makebuf.o)
 .debug_aranges
                0x00000000000001d0       0x20 /usr/lib/gcc/arm-none-eabi/6.3.1/../../../arm-none-eabi/lib/thumb/v6-m/libc.a(lib_a-reent.o)
 .debug_aranges
                0x00000000000001f0       0x20 /usr/lib/gcc/arm-none-eabi/6.3.1/../../../arm-none-eabi/lib/thumb/v6-m/libc.a(lib_a-stdio.o)
 .debug_aranges
                0x0000000000000210       0x20 /usr/lib/gcc/arm-none-eabi/6.3.1/../../../arm-none-eabi/lib/thumb/v6-m/libc.a(lib_a-writer.o)
 .debug_aranges
                0x0000000000000230       0x20 /usr/lib/gcc/arm-none-eabi/6.3.1/../../../arm-none-eabi/lib/thumb/v6-m/libc.a(lib_a-closer.o)
 .debug_aranges
                0x0000000000000250       0x20 /usr/lib/gcc/arm-none-eabi/6.3.1/../../../arm-none-eabi/lib/thumb/v6-m/libc.a(lib_a-fclose.o)
 .debug_aranges
                0x0000000000000270       0x20 /usr/lib/gcc/arm-none-eabi/6.3.1/../../../arm-none-eabi/lib/thumb/v6-m/libc.a(lib_a-fstatr.o)
 .debug_aranges
                0x0000000000000290       0x20 /usr/lib/gcc/arm-none-eabi/6.3.1/../../../arm-none-eabi/lib/thumb/v6-m/libc.a(lib_a-isattyr.o)
 .debug_aranges
                0x00000000000002b0       0x20 /usr/lib/gcc/arm-none-eabi/6.3.1/../../../arm-none-eabi/lib/thumb/v6-m/libc.a(lib_a-lseekr.o)
 .debug_aranges
                0x00000000000002d0       0x20 /usr/lib/gcc/arm-none-eabi/6.3.1/../../../arm-none-eabi/lib/thumb/v6-m/libc.a(lib_a-readr.o)

.debug_str      0x0000000000000000     0x11a7
 .debug_str     0x0000000000000000      0x162 /usr/lib/gcc/arm-none-eabi/6.3.1/../../../arm-none-eabi/lib/thumb/v6-m/libc.a(lib_a-ctype_.o)
                                        0x19b (size before relaxing)
 .debug_str     0x0000000000000162      0x419 /usr/lib/gcc/arm-none-eabi/6.3.1/../../../arm-none-eabi/lib/thumb/v6-m/libc.a(lib_a-impure.o)
                                        0x566 (size before relaxing)
 .debug_str     0x000000000000057b       0xbb /usr/lib/gcc/arm-none-eabi/6.3.1/../../../arm-none-eabi/lib/thumb/v6-m/libc.a(lib_a-malloc.o)
                                        0x597 (size before relaxing)
 .debug_str     0x0000000000000636      0x257 /usr/lib/gcc/arm-none-eabi/6.3.1/../../../arm-none-eabi/lib/thumb/v6-m/libc.a(lib_a-mallocr.o)
                                        0x7ce (size before relaxing)
 .debug_str     0x000000000000088d       0x45 /usr/lib/gcc/arm-none-eabi/6.3.1/../../../arm-none-eabi/lib/thumb/v6-m/libc.a(lib_a-mlock.o)
                                        0x58e (size before relaxing)
 .debug_str     0x00000000000008d2       0x44 /usr/lib/gcc/arm-none-eabi/6.3.1/../../../arm-none-eabi/lib/thumb/v6-m/libc.a(lib_a-sbrkr.o)
                                        0x5a9 (size before relaxing)
 .debug_str     0x0000000000000916       0xba /usr/lib/gcc/arm-none-eabi/6.3.1/../../../arm-none-eabi/lib/thumb/v6-m/libc.a(lib_a-strlen-stub.o)
                                        0x58f (size before relaxing)
 .debug_str     0x00000000000009d0      0x1c4 /usr/lib/gcc/arm-none-eabi/6.3.1/../../../arm-none-eabi/lib/thumb/v6-m/libc.a(lib_a-wbuf.o)
                                        0x6ef (size before relaxing)
 .debug_str     0x0000000000000b94       0x3d /usr/lib/gcc/arm-none-eabi/6.3.1/../../../arm-none-eabi/lib/thumb/v6-m/libc.a(lib_a-wsetup.o)
                                        0x6ea (size before relaxing)
 .debug_str     0x0000000000000bd1       0x60 /usr/lib/gcc/arm-none-eabi/6.3.1/../../../arm-none-eabi/lib/thumb/v6-m/libc.a(lib_a-fflush.o)
                                        0x718 (size before relaxing)
 .debug_str     0x0000000000000c31      0x136 /usr/lib/gcc/arm-none-eabi/6.3.1/../../../arm-none-eabi/lib/thumb/v6-m/libc.a(lib_a-findfp.o)
                                        0x7f4 (size before relaxing)
 .debug_str     0x0000000000000d67       0x34 /usr/lib/gcc/arm-none-eabi/6.3.1/../../../arm-none-eabi/lib/thumb/v6-m/libc.a(lib_a-freer.o)
                                        0x747 (size before relaxing)
 .debug_str     0x0000000000000d9b       0x3e /usr/lib/gcc/arm-none-eabi/6.3.1/../../../arm-none-eabi/lib/thumb/v6-m/libc.a(lib_a-fwalk.o)
                                        0x6dc (size before relaxing)
 .debug_str     0x0000000000000dd9      0x162 /usr/lib/gcc/arm-none-eabi/6.3.1/../../../arm-none-eabi/lib/thumb/v6-m/libc.a(lib_a-makebuf.o)
                                        0x856 (size before relaxing)
 .debug_str     0x0000000000000f3b       0x5b /usr/lib/gcc/arm-none-eabi/6.3.1/../../../arm-none-eabi/lib/thumb/v6-m/libc.a(lib_a-reent.o)
                                        0x5a2 (size before relaxing)
 .debug_str     0x0000000000000f96       0x8f /usr/lib/gcc/arm-none-eabi/6.3.1/../../../arm-none-eabi/lib/thumb/v6-m/libc.a(lib_a-stdio.o)
                                        0x730 (size before relaxing)
 .debug_str     0x0000000000001025       0x30 /usr/lib/gcc/arm-none-eabi/6.3.1/../../../arm-none-eabi/lib/thumb/v6-m/libc.a(lib_a-writer.o)
                                        0x5a6 (size before relaxing)
 .debug_str     0x0000000000001055       0x30 /usr/lib/gcc/arm-none-eabi/6.3.1/../../../arm-none-eabi/lib/thumb/v6-m/libc.a(lib_a-closer.o)
                                        0x596 (size before relaxing)
 .debug_str     0x0000000000001085       0x46 /usr/lib/gcc/arm-none-eabi/6.3.1/../../../arm-none-eabi/lib/thumb/v6-m/libc.a(lib_a-fclose.o)
                                        0x701 (size before relaxing)
 .debug_str     0x00000000000010cb       0x3d /usr/lib/gcc/arm-none-eabi/6.3.1/../../../arm-none-eabi/lib/thumb/v6-m/libc.a(lib_a-fstatr.o)
                                        0x6fd (size before relaxing)
 .debug_str     0x0000000000001108       0x39 /usr/lib/gcc/arm-none-eabi/6.3.1/../../../arm-none-eabi/lib/thumb/v6-m/libc.a(lib_a-isattyr.o)
                                        0x5a0 (size before relaxing)
 .debug_str     0x0000000000001141       0x37 /usr/lib/gcc/arm-none-eabi/6.3.1/../../../arm-none-eabi/lib/thumb/v6-m/libc.a(lib_a-lseekr.o)
                                        0x5a4 (size before relaxing)
 .debug_str     0x0000000000001178       0x2f /usr/lib/gcc/arm-none-eabi/6.3.1/../../../arm-none-eabi/lib/thumb/v6-m/libc.a(lib_a-readr.o)
                                        0x5a4 (size before relaxing)

.debug_loc      0x0000000000000000     0x273a
 .debug_loc     0x0000000000000000       0x58 /usr/lib/gcc/arm-none-eabi/6.3.1/../../../arm-none-eabi/lib/thumb/v6-m/libc.a(lib_a-malloc.o)
 .debug_loc     0x0000000000000058      0xc9b /usr/lib/gcc/arm-none-eabi/6.3.1/../../../arm-none-eabi/lib/thumb/v6-m/libc.a(lib_a-mallocr.o)
 .debug_loc     0x0000000000000cf3       0x58 /usr/lib/gcc/arm-none-eabi/6.3.1/../../../arm-none-eabi/lib/thumb/v6-m/libc.a(lib_a-sbrkr.o)
 .debug_loc     0x0000000000000d4b       0xbe /usr/lib/gcc/arm-none-eabi/6.3.1/../../../arm-none-eabi/lib/thumb/v6-m/libc.a(lib_a-strlen-stub.o)
 .debug_loc     0x0000000000000e09      0x1a7 /usr/lib/gcc/arm-none-eabi/6.3.1/../../../arm-none-eabi/lib/thumb/v6-m/libc.a(lib_a-wbuf.o)
 .debug_loc     0x0000000000000fb0       0xa2 /usr/lib/gcc/arm-none-eabi/6.3.1/../../../arm-none-eabi/lib/thumb/v6-m/libc.a(lib_a-wsetup.o)
 .debug_loc     0x0000000000001052      0x2ec /usr/lib/gcc/arm-none-eabi/6.3.1/../../../arm-none-eabi/lib/thumb/v6-m/libc.a(lib_a-fflush.o)
 .debug_loc     0x000000000000133e      0x323 /usr/lib/gcc/arm-none-eabi/6.3.1/../../../arm-none-eabi/lib/thumb/v6-m/libc.a(lib_a-findfp.o)
 .debug_loc     0x0000000000001661      0x4e6 /usr/lib/gcc/arm-none-eabi/6.3.1/../../../arm-none-eabi/lib/thumb/v6-m/libc.a(lib_a-freer.o)
 .debug_loc     0x0000000000001b47      0x19f /usr/lib/gcc/arm-none-eabi/6.3.1/../../../arm-none-eabi/lib/thumb/v6-m/libc.a(lib_a-fwalk.o)
 .debug_loc     0x0000000000001ce6      0x19d /usr/lib/gcc/arm-none-eabi/6.3.1/../../../arm-none-eabi/lib/thumb/v6-m/libc.a(lib_a-makebuf.o)
 .debug_loc     0x0000000000001e83       0xfc /usr/lib/gcc/arm-none-eabi/6.3.1/../../../arm-none-eabi/lib/thumb/v6-m/libc.a(lib_a-reent.o)
 .debug_loc     0x0000000000001f7f      0x302 /usr/lib/gcc/arm-none-eabi/6.3.1/../../../arm-none-eabi/lib/thumb/v6-m/libc.a(lib_a-stdio.o)
 .debug_loc     0x0000000000002281       0xb0 /usr/lib/gcc/arm-none-eabi/6.3.1/../../../arm-none-eabi/lib/thumb/v6-m/libc.a(lib_a-writer.o)
 .debug_loc     0x0000000000002331       0x58 /usr/lib/gcc/arm-none-eabi/6.3.1/../../../arm-none-eabi/lib/thumb/v6-m/libc.a(lib_a-closer.o)
 .debug_loc     0x0000000000002389      0x175 /usr/lib/gcc/arm-none-eabi/6.3.1/../../../arm-none-eabi/lib/thumb/v6-m/libc.a(lib_a-fclose.o)
 .debug_loc     0x00000000000024fe       0x84 /usr/lib/gcc/arm-none-eabi/6.3.1/../../../arm-none-eabi/lib/thumb/v6-m/libc.a(lib_a-fstatr.o)